Component: ARM Compiler 5.06 update 6 (build 750) Tool: armlink [4d35ed]

==============================================================================

Section Cross References

    startup_stm32l053xx.o(RESET) refers to startup_stm32l053xx.o(STACK) for __initial_sp
    startup_stm32l053xx.o(RESET) refers to startup_stm32l053xx.o(.text) for Reset_Handler
    startup_stm32l053xx.o(RESET) refers to stm32l0xx_it.o(i.NMI_Handler) for NMI_Handler
    startup_stm32l053xx.o(RESET) refers to stm32l0xx_it.o(i.HardFault_Handler) for HardFault_Handler
    startup_stm32l053xx.o(RESET) refers to port.o(i.SVC_Handler) for SVC_Handler
    startup_stm32l053xx.o(RESET) refers to port.o(.emb_text) for PendSV_Handler
    startup_stm32l053xx.o(RESET) refers to port.o(i.SysTick_Handler) for SysTick_Handler
    startup_stm32l053xx.o(RESET) refers to stm32l0xx_it.o(i.TIM6_DAC_IRQHandler) for TIM6_DAC_IRQHandler
    startup_stm32l053xx.o(RESET) refers to stm32l0xx_it.o(i.I2C1_IRQHandler) for I2C1_IRQHandler
    startup_stm32l053xx.o(.text) refers to system_stm32l0xx.o(i.SystemInit) for SystemInit
    startup_stm32l053xx.o(.text) refers to entry.o(.ARM.Collect$$$$00000000) for __main
    main.o(i.HAL_TIM_PeriodElapsedCallback) refers to stm32l0xx_hal.o(i.HAL_IncTick) for HAL_IncTick
    main.o(i.I2Communication) refers to tasks.o(i.xTaskGetTickCount) for xTaskGetTickCount
    main.o(i.I2Communication) refers to stm32l0xx_hal_i2c.o(i.HAL_I2C_Mem_Read) for HAL_I2C_Mem_Read
    main.o(i.I2Communication) refers to queue.o(i.xQueueGenericSend) for xQueueGenericSend
    main.o(i.I2Communication) refers to printf6.o(i.__0sprintf$6) for __2sprintf
    main.o(i.I2Communication) refers to stm32l0xx_hal_uart.o(i.HAL_UART_Transmit) for HAL_UART_Transmit
    main.o(i.I2Communication) refers to tasks.o(i.vTaskDelayUntil) for vTaskDelayUntil
    main.o(i.I2Communication) refers to main.o(.data) for .data
    main.o(i.I2Communication) refers to main.o(.bss) for .bss
    main.o(i.LIS3DH_ecriture) refers to stm32l0xx_hal_i2c.o(i.HAL_I2C_Master_Transmit) for HAL_I2C_Master_Transmit
    main.o(i.LIS3DH_ecriture) refers to main.o(.bss) for .bss
    main.o(i.LIS3DH_lectures_valeurs) refers to stm32l0xx_hal_i2c.o(i.HAL_I2C_Mem_Read) for HAL_I2C_Mem_Read
    main.o(i.LIS3DH_lectures_valeurs) refers to main.o(.data) for .data
    main.o(i.LIS3DH_lectures_valeurs) refers to main.o(.bss) for .bss
    main.o(i.MX_GPIO_Init) refers to memseta.o(.text) for __aeabi_memclr4
    main.o(i.MX_GPIO_Init) refers to stm32l0xx_hal_gpio.o(i.HAL_GPIO_WritePin) for HAL_GPIO_WritePin
    main.o(i.MX_GPIO_Init) refers to stm32l0xx_hal_gpio.o(i.HAL_GPIO_Init) for HAL_GPIO_Init
    main.o(i.MX_I2C1_Init) refers to stm32l0xx_hal_i2c.o(i.HAL_I2C_Init) for HAL_I2C_Init
    main.o(i.MX_I2C1_Init) refers to stm32l0xx_hal_i2c_ex.o(i.HAL_I2CEx_ConfigAnalogFilter) for HAL_I2CEx_ConfigAnalogFilter
    main.o(i.MX_I2C1_Init) refers to stm32l0xx_hal_i2c_ex.o(i.HAL_I2CEx_ConfigDigitalFilter) for HAL_I2CEx_ConfigDigitalFilter
    main.o(i.MX_I2C1_Init) refers to main.o(.bss) for .bss
    main.o(i.MX_TIM2_Init) refers to stm32l0xx_hal_tim.o(i.HAL_TIM_Base_Init) for HAL_TIM_Base_Init
    main.o(i.MX_TIM2_Init) refers to stm32l0xx_hal_tim.o(i.HAL_TIM_ConfigClockSource) for HAL_TIM_ConfigClockSource
    main.o(i.MX_TIM2_Init) refers to stm32l0xx_hal_tim.o(i.HAL_TIM_PWM_Init) for HAL_TIM_PWM_Init
    main.o(i.MX_TIM2_Init) refers to stm32l0xx_hal_tim_ex.o(i.HAL_TIMEx_MasterConfigSynchronization) for HAL_TIMEx_MasterConfigSynchronization
    main.o(i.MX_TIM2_Init) refers to stm32l0xx_hal_tim.o(i.HAL_TIM_PWM_ConfigChannel) for HAL_TIM_PWM_ConfigChannel
    main.o(i.MX_TIM2_Init) refers to stm32l0xx_hal_msp.o(i.HAL_TIM_MspPostInit) for HAL_TIM_MspPostInit
    main.o(i.MX_TIM2_Init) refers to main.o(.bss) for .bss
    main.o(i.MX_USART2_UART_Init) refers to stm32l0xx_hal_uart.o(i.HAL_UART_Init) for HAL_UART_Init
    main.o(i.MX_USART2_UART_Init) refers to main.o(.bss) for .bss
    main.o(i.PWM) refers to queue.o(i.xQueueSemaphoreTake) for xQueueSemaphoreTake
    main.o(i.PWM) refers to dflti.o(.text) for __aeabi_i2d
    main.o(i.PWM) refers to dmul.o(.text) for __aeabi_dmul
    main.o(i.PWM) refers to dadd.o(.text) for __aeabi_dadd
    main.o(i.PWM) refers to dfixi.o(.text) for __aeabi_d2iz
    main.o(i.PWM) refers to cmsis_os.o(i.osDelay) for osDelay
    main.o(i.PWM) refers to main.o(.data) for .data
    main.o(i.StartDefaultTask) refers to cmsis_os.o(i.osDelay) for osDelay
    main.o(i.SystemClock_Config) refers to memseta.o(.text) for __aeabi_memclr4
    main.o(i.SystemClock_Config) refers to stm32l0xx_hal_rcc.o(i.HAL_RCC_OscConfig) for HAL_RCC_OscConfig
    main.o(i.SystemClock_Config) refers to stm32l0xx_hal_rcc.o(i.HAL_RCC_ClockConfig) for HAL_RCC_ClockConfig
    main.o(i.SystemClock_Config) refers to stm32l0xx_hal_rcc_ex.o(i.HAL_RCCEx_PeriphCLKConfig) for HAL_RCCEx_PeriphCLKConfig
[...]
    ../clib/microlib/printf/printf.c         0x00000000   Number         0  printf7.o ABSOLUTE
    ../clib/microlib/printf/printf.c         0x00000000   Number         0  printf4.o ABSOLUTE
    ../clib/microlib/printf/printf.c         0x00000000   Number         0  printf3.o ABSOLUTE
    ../clib/microlib/printf/printf.c         0x00000000   Number         0  printf2.o ABSOLUTE
    ../clib/microlib/printf/printf.c         0x00000000   Number         0  printf1.o ABSOLUTE
    ../clib/microlib/printf/printf.c         0x00000000   Number         0  printf0.o ABSOLUTE
    ../clib/microlib/printf/printf.c         0x00000000   Number         0  printfb.o ABSOLUTE
    ../clib/microlib/printf/printf.c         0x00000000   Number         0  printf5.o ABSOLUTE
    ../clib/microlib/printf/printf.c         0x00000000   Number         0  printf6.o ABSOLUTE
    ../clib/microlib/printf/printf.c         0x00000000   Number         0  printfa.o ABSOLUTE
    ../clib/microlib/printf/printf.c         0x00000000   Number         0  printf8.o ABSOLUTE
    ../clib/microlib/printf/stubs.s          0x00000000   Number         0  stubs.o ABSOLUTE
    ../clib/microlib/stdio/fputc.c           0x00000000   Number         0  fputc.o ABSOLUTE
    ../clib/microlib/stdio/semi.s            0x00000000   Number         0  semi.o ABSOLUTE
    ../clib/microlib/stdio/streams.c         0x00000000   Number         0  stdout.o ABSOLUTE
    ../clib/microlib/string/memcpy.c         0x00000000   Number         0  memcpyb.o ABSOLUTE
    ../clib/microlib/string/memcpy.c         0x00000000   Number         0  memcpya.o ABSOLUTE
    ../clib/microlib/string/memset.c         0x00000000   Number         0  memseta.o ABSOLUTE
    ../clib/microlib/string/memset.c         0x00000000   Number         0  memset.o ABSOLUTE
    ../clib/microlib/stubs.s                 0x00000000   Number         0  iusesemip.o ABSOLUTE
    ../clib/microlib/stubs.s                 0x00000000   Number         0  iusefp.o ABSOLUTE
    ../fplib/microlib/fpadd.c                0x00000000   Number         0  dadd.o ABSOLUTE
    ../fplib/microlib/fpdiv.c                0x00000000   Number         0  ddiv.o ABSOLUTE
    ../fplib/microlib/fpepilogue.c           0x00000000   Number         0  depilogue.o ABSOLUTE
    ../fplib/microlib/fpfix.c                0x00000000   Number         0  dfixul.o ABSOLUTE
    ../fplib/microlib/fpfix.c                0x00000000   Number         0  dfixi.o ABSOLUTE
    ../fplib/microlib/fpflt.c                0x00000000   Number         0  dflti.o ABSOLUTE
    ../fplib/microlib/fpmul.c                0x00000000   Number         0  dmul.o ABSOLUTE
    ..\Drivers\STM32L0xx_HAL_Driver\Src\stm32l0xx_hal.c 0x00000000   Number         0  stm32l0xx_hal.o ABSOLUTE
    ..\Drivers\STM32L0xx_HAL_Driver\Src\stm32l0xx_hal_cortex.c 0x00000000   Number         0  stm32l0xx_hal_cortex.o ABSOLUTE
    ..\Drivers\STM32L0xx_HAL_Driver\Src\stm32l0xx_hal_dma.c 0x00000000   Number         0  stm32l0xx_hal_dma.o ABSOLUTE
    ..\Drivers\STM32L0xx_HAL_Driver\Src\stm32l0xx_hal_flash.c 0x00000000   Number         0  stm32l0xx_hal_flash.o ABSOLUTE
    ..\Drivers\STM32L0xx_HAL_Driver\Src\stm32l0xx_hal_flash_ex.c 0x00000000   Number         0  stm32l0xx_hal_flash_ex.o ABSOLUTE
    ..\Drivers\STM32L0xx_HAL_Driver\Src\stm32l0xx_hal_flash_ramfunc.c 0x00000000   Number         0  stm32l0xx_hal_flash_ramfunc.o ABSOLUTE
    ..\Drivers\STM32L0xx_HAL_Driver\Src\stm32l0xx_hal_gpio.c 0x00000000   Number         0  stm32l0xx_hal_gpio.o ABSOLUTE
    ..\Drivers\STM32L0xx_HAL_Driver\Src\stm32l0xx_hal_i2c.c 0x00000000   Number         0  stm32l0xx_hal_i2c.o ABSOLUTE
    ..\Drivers\STM32L0xx_HAL_Driver\Src\stm32l0xx_hal_i2c_ex.c 0x00000000   Number         0  stm32l0xx_hal_i2c_ex.o ABSOLUTE
    ..\Drivers\STM32L0xx_HAL_Driver\Src\stm32l0xx_hal_pwr.c 0x00000000   Number         0  stm32l0xx_hal_pwr.o ABSOLUTE
    ..\Drivers\STM32L0xx_HAL_Driver\Src\stm32l0xx_hal_pwr_ex.c 0x00000000   Number         0  stm32l0xx_hal_pwr_ex.o ABSOLUTE
    ..\Drivers\STM32L0xx_HAL_Driver\Src\stm32l0xx_hal_rcc.c 0x00000000   Number         0  stm32l0xx_hal_rcc.o ABSOLUTE
    ..\Drivers\STM32L0xx_HAL_Driver\Src\stm32l0xx_hal_rcc_ex.c 0x00000000   Number         0  stm32l0xx_hal_rcc_ex.o ABSOLUTE
    ..\Drivers\STM32L0xx_HAL_Driver\Src\stm32l0xx_hal_tim.c 0x00000000   Number         0  stm32l0xx_hal_tim.o ABSOLUTE
    ..\Drivers\STM32L0xx_HAL_Driver\Src\stm32l0xx_hal_tim_ex.c 0x00000000   Number         0  stm32l0xx_hal_tim_ex.o ABSOLUTE
    ..\Drivers\STM32L0xx_HAL_Driver\Src\stm32l0xx_hal_uart.c 0x00000000   Number         0  stm32l0xx_hal_uart.o ABSOLUTE
    ..\Drivers\STM32L0xx_HAL_Driver\Src\stm32l0xx_hal_uart_ex.c 0x00000000   Number         0  stm32l0xx_hal_uart_ex.o ABSOLUTE
    ..\Middlewares\Third_Party\FreeRTOS\Source\CMSIS_RTOS\cmsis_os.c 0x00000000   Number         0  cmsis_os.o ABSOLUTE
    ..\Middlewares\Third_Party\FreeRTOS\Source\portable\RVDS\ARM_CM0\port.c 0x00000000   Number         0  port.o ABSOLUTE
    ..\Src\freertos.c                        0x00000000   Number         0  freertos.o ABSOLUTE
    ..\Src\main.c                            0x00000000   Number         0  main.o ABSOLUTE
    ..\Src\stm32l0xx_hal_msp.c               0x00000000   Number         0  stm32l0xx_hal_msp.o ABSOLUTE
    ..\Src\stm32l0xx_hal_timebase_tim.c      0x00000000   Number         0  stm32l0xx_hal_timebase_tim.o ABSOLUTE
    ..\Src\stm32l0xx_it.c                    0x00000000   Number         0  stm32l0xx_it.o ABSOLUTE
    ..\Src\system_stm32l0xx.c                0x00000000   Number         0  system_stm32l0xx.o ABSOLUTE
    cdrcmple.s                               0x00000000   Number         0  cdrcmple.o ABSOLUTE
    dc.s                                     0x00000000   Number         0  dc.o ABSOLUTE
    handlers.s                               0x00000000   Number         0  handlers.o ABSOLUTE
    init.s                                   0x00000000   Number         0  init.o ABSOLUTE
    startup_stm32l053xx.s                    0x00000000   Number         0  startup_stm32l053xx.o ABSOLUTE
    RESET                                    0x08000000   Section      192  startup_stm32l053xx.o(RESET)
    .ARM.Collect$$$$00000000                 0x080000c0   Section        0  entry.o(.ARM.Collect$$$$00000000)
    .ARM.Collect$$$$00000001                 0x080000c0   Section        4  entry2.o(.ARM.Collect$$$$00000001)
    .ARM.Collect$$$$00000004                 0x080000c4   Section        4  entry5.o(.ARM.Collect$$$$00000004)
    .ARM.Collect$$$$00000008                 0x080000c8   Section        0  entry7b.o(.ARM.Collect$$$$00000008)
    .ARM.Collect$$$$0000000A                 0x080000c8   Section        0  entry8b.o(.ARM.Collect$$$$0000000A)
    .ARM.Collect$$$$0000000B                 0x080000c8   Section        8  entry9a.o(.ARM.Collect$$$$0000000B)
    .ARM.Collect$$$$0000000D                 0x080000d0   Section        0  entry10a.o(.ARM.Collect$$$$0000000D)
    .ARM.Collect$$$$0000000F                 0x080000d0   Section        0  entry11a.o(.ARM.Collect$$$$0000000F)
    .ARM.Collect$$$$00002712                 0x080000d0   Section        4  entry2.o(.ARM.Collect$$$$00002712)
    __lit__00000000                          0x080000d0   Data           4  entry2.o(.ARM.Collect$$$$00002712)
    .emb_text                                0x080000d4   Section      120  port.o(.emb_text)
    .text                                    0x0800014c   Section       28  startup_stm32l053xx.o(.text)
    .text                                    0x08000168   Section        0  uidiv.o(.text)
    .text                                    0x08000194   Section        0  uldiv.o(.text)
    .text                                    0x080001f4   Section        0  memcpya.o(.text)
    .text                                    0x08000218   Section        0  memseta.o(.text)
    .text                                    0x0800023c   Section        0  dadd.o(.text)
    .text                                    0x080003a0   Section        0  dmul.o(.text)
    .text                                    0x08000470   Section        0  dflti.o(.text)
    .text                                    0x08000498   Section        0  dfixi.o(.text)
    .text                                    0x080004e0   Section        0  llshl.o(.text)
    .text                                    0x08000500   Section        0  llushr.o(.text)
    .text                                    0x08000522   Section        0  llsshr.o(.text)
    .text                                    0x08000548   Section        0  depilogue.o(.text)
    .text                                    0x08000548   Section        0  iusefp.o(.text)
    .text                                    0x08000608   Section       36  init.o(.text)
    i.HAL_DMA_Abort_IT                       0x0800062c   Section        0  stm32l0xx_hal_dma.o(i.HAL_DMA_Abort_IT)
    i.HAL_GPIO_Init                          0x08000678   Section        0  stm32l0xx_hal_gpio.o(i.HAL_GPIO_Init)
    i.HAL_GPIO_TogglePin                     0x080007f0   Section        0  stm32l0xx_hal_gpio.o(i.HAL_GPIO_TogglePin)
    i.HAL_GPIO_WritePin                      0x080007f8   Section        0  stm32l0xx_hal_gpio.o(i.HAL_GPIO_WritePin)
    i.HAL_GetTick                            0x08000804   Section        0  stm32l0xx_hal.o(i.HAL_GetTick)
    i.HAL_I2CEx_ConfigAnalogFilter           0x08000810   Section        0  stm32l0xx_hal_i2c_ex.o(i.HAL_I2CEx_ConfigAnalogFilter)
    i.HAL_I2CEx_ConfigDigitalFilter          0x0800085a   Section        0  stm32l0xx_hal_i2c_ex.o(i.HAL_I2CEx_ConfigDigitalFilter)
    i.HAL_I2C_AbortCpltCallback              0x080008a2   Section        0  stm32l0xx_hal_i2c.o(i.HAL_I2C_AbortCpltCallback)
    i.HAL_I2C_AddrCallback                   0x080008a4   Section        0  stm32l0xx_hal_i2c.o(i.HAL_I2C_AddrCallback)
    i.HAL_I2C_ER_IRQHandler                  0x080008a6   Section        0  stm32l0xx_hal_i2c.o(i.HAL_I2C_ER_IRQHandler)
    i.HAL_I2C_EV_IRQHandler                  0x08000904   Section        0  stm32l0xx_hal_i2c.o(i.HAL_I2C_EV_IRQHandler)
    i.HAL_I2C_ErrorCallback                  0x08000914   Section        0  stm32l0xx_hal_i2c.o(i.HAL_I2C_ErrorCallback)
    i.HAL_I2C_Init                           0x08000918   Section        0  stm32l0xx_hal_i2c.o(i.HAL_I2C_Init)
    i.HAL_I2C_IsDeviceReady                  0x080009cc   Section        0  stm32l0xx_hal_i2c.o(i.HAL_I2C_IsDeviceReady)
    i.HAL_I2C_ListenCpltCallback             0x08000aec   Section        0  stm32l0xx_hal_i2c.o(i.HAL_I2C_ListenCpltCallback)
    i.HAL_I2C_Master_Transmit                0x08000af0   Section        0  stm32l0xx_hal_i2c.o(i.HAL_I2C_Master_Transmit)
    i.HAL_I2C_Mem_Read                       0x08000c00   Section        0  stm32l0xx_hal_i2c.o(i.HAL_I2C_Mem_Read)
    i.HAL_I2C_MspInit                        0x08000d54   Section        0  stm32l0xx_hal_msp.o(i.HAL_I2C_MspInit)
    i.HAL_I2C_SlaveRxCpltCallback            0x08000dc4   Section        0  stm32l0xx_hal_i2c.o(i.HAL_I2C_SlaveRxCpltCallback)
    i.HAL_I2C_SlaveTxCpltCallback            0x08000dc6   Section        0  stm32l0xx_hal_i2c.o(i.HAL_I2C_SlaveTxCpltCallback)
    i.HAL_IncTick                            0x08000dc8   Section        0  stm32l0xx_hal.o(i.HAL_IncTick)
    i.HAL_Init                               0x08000dd8   Section        0  stm32l0xx_hal.o(i.HAL_Init)
    i.HAL_InitTick                           0x08000e00   Section        0  stm32l0xx_hal_timebase_tim.o(i.HAL_InitTick)
    i.HAL_MspInit                            0x08000e70   Section        0  stm32l0xx_hal_msp.o(i.HAL_MspInit)
    i.HAL_NVIC_EnableIRQ                     0x08000e94   Section        0  stm32l0xx_hal_cortex.o(i.HAL_NVIC_EnableIRQ)
    i.HAL_NVIC_SetPriority                   0x08000ea8   Section        0  stm32l0xx_hal_cortex.o(i.HAL_NVIC_SetPriority)
    i.HAL_RCCEx_PeriphCLKConfig              0x08000eb0   Section        0  stm32l0xx_hal_rcc_ex.o(i.HAL_RCCEx_PeriphCLKConfig)
    i.HAL_RCC_ClockConfig                    0x08001048   Section        0  stm32l0xx_hal_rcc.o(i.HAL_RCC_ClockConfig)
    i.HAL_RCC_GetClockConfig                 0x080011b4   Section        0  stm32l0xx_hal_rcc.o(i.HAL_RCC_GetClockConfig)
    i.HAL_RCC_GetPCLK1Freq                   0x080011f4   Section        0  stm32l0xx_hal_rcc.o(i.HAL_RCC_GetPCLK1Freq)
    i.HAL_RCC_GetPCLK2Freq                   0x08001214   Section        0  stm32l0xx_hal_rcc.o(i.HAL_RCC_GetPCLK2Freq)
    i.HAL_RCC_GetSysClockFreq                0x08001234   Section        0  stm32l0xx_hal_rcc.o(i.HAL_RCC_GetSysClockFreq)
    i.HAL_RCC_OscConfig                      0x080012ac   Section        0  stm32l0xx_hal_rcc.o(i.HAL_RCC_OscConfig)
    i.HAL_TIMEx_MasterConfigSynchronization  0x0800172e   Section        0  stm32l0xx_hal_tim_ex.o(i.HAL_TIMEx_MasterConfigSynchronization)
    i.HAL_TIM_Base_Init                      0x0800176a   Section        0  stm32l0xx_hal_tim.o(i.HAL_TIM_Base_Init)
    i.HAL_TIM_Base_MspInit                   0x080017a0   Section        0  stm32l0xx_hal_msp.o(i.HAL_TIM_Base_MspInit)
    i.HAL_TIM_Base_Start_IT                  0x080017bc   Section        0  stm32l0xx_hal_tim.o(i.HAL_TIM_Base_Start_IT)
    i.HAL_TIM_ConfigClockSource              0x080017dc   Section        0  stm32l0xx_hal_tim.o(i.HAL_TIM_ConfigClockSource)
    i.HAL_TIM_IC_CaptureCallback             0x080018ac   Section        0  stm32l0xx_hal_tim.o(i.HAL_TIM_IC_CaptureCallback)
    i.HAL_TIM_IRQHandler                     0x080018ae   Section        0  stm32l0xx_hal_tim.o(i.HAL_TIM_IRQHandler)
    i.HAL_TIM_MspPostInit                    0x080019d4   Section        0  stm32l0xx_hal_msp.o(i.HAL_TIM_MspPostInit)
    i.HAL_TIM_OC_DelayElapsedCallback        0x08001a40   Section        0  stm32l0xx_hal_tim.o(i.HAL_TIM_OC_DelayElapsedCallback)
    i.HAL_TIM_PWM_ConfigChannel              0x08001a42   Section        0  stm32l0xx_hal_tim.o(i.HAL_TIM_PWM_ConfigChannel)
    i.HAL_TIM_PWM_Init                       0x08001b12   Section        0  stm32l0xx_hal_tim.o(i.HAL_TIM_PWM_Init)
    i.HAL_TIM_PWM_MspInit                    0x08001b46   Section        0  stm32l0xx_hal_tim.o(i.HAL_TIM_PWM_MspInit)
    i.HAL_TIM_PWM_PulseFinishedCallback      0x08001b48   Section        0  stm32l0xx_hal_tim.o(i.HAL_TIM_PWM_PulseFinishedCallback)
    i.HAL_TIM_PWM_Start                      0x08001b4a   Section        0  stm32l0xx_hal_tim.o(i.HAL_TIM_PWM_Start)
    i.HAL_TIM_PeriodElapsedCallback          0x08001b70   Section        0  main.o(i.HAL_TIM_PeriodElapsedCallback)
    i.HAL_TIM_TriggerCallback                0x08001b84   Section        0  stm32l0xx_hal_tim.o(i.HAL_TIM_TriggerCallback)
    i.HAL_UART_Init                          0x08001b86   Section        0  stm32l0xx_hal_uart.o(i.HAL_UART_Init)
    i.HAL_UART_MspInit                       0x08001bf0   Section        0  stm32l0xx_hal_msp.o(i.HAL_UART_MspInit)
    i.HAL_UART_Transmit                      0x08001c4c   Section        0  stm32l0xx_hal_uart.o(i.HAL_UART_Transmit)
    i.HardFault_Handler                      0x08001d1a   Section        0  stm32l0xx_it.o(i.HardFault_Handler)
    i.I2C1_IRQHandler                        0x08001d1c   Section        0  stm32l0xx_it.o(i.I2C1_IRQHandler)
    i.I2C_DMAAbort                           0x08001d3c   Section        0  stm32l0xx_hal_i2c.o(i.I2C_DMAAbort)
    I2C_DMAAbort                             0x08001d3d   Thumb Code    40  stm32l0xx_hal_i2c.o(i.I2C_DMAAbort)
    i.I2C_Disable_IRQ                        0x08001d64   Section        0  stm32l0xx_hal_i2c.o(i.I2C_Disable_IRQ)
    I2C_Disable_IRQ                          0x08001d65   Thumb Code    84  stm32l0xx_hal_i2c.o(i.I2C_Disable_IRQ)
    i.I2C_Flush_TXDR                         0x08001db8   Section        0  stm32l0xx_hal_i2c.o(i.I2C_Flush_TXDR)
    I2C_Flush_TXDR                           0x08001db9   Thumb Code    34  stm32l0xx_hal_i2c.o(i.I2C_Flush_TXDR)
    i.I2C_ITAddrCplt                         0x08001dda   Section        0  stm32l0xx_hal_i2c.o(i.I2C_ITAddrCplt)
    I2C_ITAddrCplt                           0x08001ddb   Thumb Code   122  stm32l0xx_hal_i2c.o(i.I2C_ITAddrCplt)
    i.I2C_ITError                            0x08001e54   Section        0  stm32l0xx_hal_i2c.o(i.I2C_ITError)
    I2C_ITError                              0x08001e55   Thumb Code   194  stm32l0xx_hal_i2c.o(i.I2C_ITError)
    i.I2C_ITListenCplt                       0x08001f24   Section        0  stm32l0xx_hal_i2c.o(i.I2C_ITListenCplt)
    I2C_ITListenCplt                         0x08001f25   Thumb Code    94  stm32l0xx_hal_i2c.o(i.I2C_ITListenCplt)
    i.I2C_ITSlaveCplt                        0x08001f88   Section        0  stm32l0xx_hal_i2c.o(i.I2C_ITSlaveCplt)
    I2C_ITSlaveCplt                          0x08001f89   Thumb Code   236  stm32l0xx_hal_i2c.o(i.I2C_ITSlaveCplt)
    i.I2C_ITSlaveSeqCplt                     0x0800207c   Section        0  stm32l0xx_hal_i2c.o(i.I2C_ITSlaveSeqCplt)
    I2C_ITSlaveSeqCplt                       0x0800207d   Thumb Code    74  stm32l0xx_hal_i2c.o(i.I2C_ITSlaveSeqCplt)
    i.I2C_IsAcknowledgeFailed                0x080020c8   Section        0  stm32l0xx_hal_i2c.o(i.I2C_IsAcknowledgeFailed)
    I2C_IsAcknowledgeFailed                  0x080020c9   Thumb Code   108  stm32l0xx_hal_i2c.o(i.I2C_IsAcknowledgeFailed)
    i.I2C_RequestMemoryRead                  0x08002138   Section        0  stm32l0xx_hal_i2c.o(i.I2C_RequestMemoryRead)
    I2C_RequestMemoryRead                    0x08002139   Thumb Code    92  stm32l0xx_hal_i2c.o(i.I2C_RequestMemoryRead)
    i.I2C_Slave_ISR_IT                       0x08002198   Section        0  stm32l0xx_hal_i2c.o(i.I2C_Slave_ISR_IT)
    I2C_Slave_ISR_IT                         0x08002199   Thumb Code   298  stm32l0xx_hal_i2c.o(i.I2C_Slave_ISR_IT)
    i.I2C_TransferConfig                     0x080022c4   Section        0  stm32l0xx_hal_i2c.o(i.I2C_TransferConfig)
    I2C_TransferConfig                       0x080022c5   Thumb Code    34  stm32l0xx_hal_i2c.o(i.I2C_TransferConfig)
    i.I2C_WaitOnFlagUntilTimeout             0x080022ec   Section        0  stm32l0xx_hal_i2c.o(i.I2C_WaitOnFlagUntilTimeout)
    I2C_WaitOnFlagUntilTimeout               0x080022ed   Thumb Code    78  stm32l0xx_hal_i2c.o(i.I2C_WaitOnFlagUntilTimeout)
    i.I2C_WaitOnSTOPFlagUntilTimeout         0x0800233a   Section        0  stm32l0xx_hal_i2c.o(i.I2C_WaitOnSTOPFlagUntilTimeout)
    I2C_WaitOnSTOPFlagUntilTimeout           0x0800233b   Thumb Code    76  stm32l0xx_hal_i2c.o(i.I2C_WaitOnSTOPFlagUntilTimeout)
    i.I2C_WaitOnTXISFlagUntilTimeout         0x08002386   Section        0  stm32l0xx_hal_i2c.o(i.I2C_WaitOnTXISFlagUntilTimeout)
    I2C_WaitOnTXISFlagUntilTimeout           0x08002387   Thumb Code    80  stm32l0xx_hal_i2c.o(i.I2C_WaitOnTXISFlagUntilTimeout)
    i.I2Communication                        0x080023d8   Section        0  main.o(i.I2Communication)
    i.LIS3DH_ecriture                        0x080024e0   Section        0  main.o(i.LIS3DH_ecriture)
    i.MX_GPIO_Init                           0x08002500   Section        0  main.o(i.MX_GPIO_Init)
    MX_GPIO_Init                             0x08002501   Thumb Code    94  main.o(i.MX_GPIO_Init)
    i.MX_I2C1_Init                           0x08002564   Section        0  main.o(i.MX_I2C1_Init)
    MX_I2C1_Init                             0x08002565   Thumb Code    52  main.o(i.MX_I2C1_Init)
    i.MX_TIM2_Init                           0x080025a4   Section        0  main.o(i.MX_TIM2_Init)
    MX_TIM2_Init                             0x080025a5   Thumb Code   142  main.o(i.MX_TIM2_Init)
    i.MX_USART2_UART_Init                    0x0800263c   Section        0  main.o(i.MX_USART2_UART_Init)
    MX_USART2_UART_Init                      0x0800263d   Thumb Code    40  main.o(i.MX_USART2_UART_Init)
    i.NMI_Handler                            0x0800266c   Section        0  stm32l0xx_it.o(i.NMI_Handler)
    i.NVIC_SetPriority                       0x08002670   Section        0  stm32l0xx_hal_cortex.o(i.NVIC_SetPriority)
    NVIC_SetPriority                         0x08002671   Thumb Code    60  stm32l0xx_hal_cortex.o(i.NVIC_SetPriority)
    i.PWM                                    0x080026b4   Section        0  main.o(i.PWM)
    i.SVC_Handler                            0x080027e8   Section        0  port.o(i.SVC_Handler)
    i.StartDefaultTask                       0x080027ea   Section        0  main.o(i.StartDefaultTask)
    i.SysTick_Handler                        0x080027f4   Section        0  port.o(i.SysTick_Handler)
    i.SystemClock_Config                     0x08002818   Section        0  main.o(i.SystemClock_Config)
    i.SystemInit                             0x08002890   Section        0  system_stm32l0xx.o(i.SystemInit)
    i.TIM6_DAC_IRQHandler                    0x080028e4   Section        0  stm32l0xx_it.o(i.TIM6_DAC_IRQHandler)
    i.TIM_Base_SetConfig                     0x080028f4   Section        0  stm32l0xx_hal_tim.o(i.TIM_Base_SetConfig)
    TIM_Base_SetConfig                       0x080028f5   Thumb Code    78  stm32l0xx_hal_tim.o(i.TIM_Base_SetConfig)
    i.TIM_CCxChannelCmd                      0x0800294c   Section        0  stm32l0xx_hal_tim.o(i.TIM_CCxChannelCmd)
    TIM_CCxChannelCmd                        0x0800294d   Thumb Code    26  stm32l0xx_hal_tim.o(i.TIM_CCxChannelCmd)
    i.TIM_ETR_SetConfig                      0x08002966   Section        0  stm32l0xx_hal_tim.o(i.TIM_ETR_SetConfig)
    TIM_ETR_SetConfig                        0x08002967   Thumb Code    22  stm32l0xx_hal_tim.o(i.TIM_ETR_SetConfig)
    i.TIM_ITRx_SetConfig                     0x0800297c   Section        0  stm32l0xx_hal_tim.o(i.TIM_ITRx_SetConfig)
    TIM_ITRx_SetConfig                       0x0800297d   Thumb Code    16  stm32l0xx_hal_tim.o(i.TIM_ITRx_SetConfig)
    i.TIM_OC1_SetConfig                      0x0800298c   Section        0  stm32l0xx_hal_tim.o(i.TIM_OC1_SetConfig)
    TIM_OC1_SetConfig                        0x0800298d   Thumb Code    48  stm32l0xx_hal_tim.o(i.TIM_OC1_SetConfig)
    i.TIM_OC2_SetConfig                      0x080029bc   Section        0  stm32l0xx_hal_tim.o(i.TIM_OC2_SetConfig)
    TIM_OC2_SetConfig                        0x080029bd   Thumb Code    50  stm32l0xx_hal_tim.o(i.TIM_OC2_SetConfig)
    i.TIM_OC3_SetConfig                      0x080029ee   Section        0  stm32l0xx_hal_tim.o(i.TIM_OC3_SetConfig)
    TIM_OC3_SetConfig                        0x080029ef   Thumb Code    54  stm32l0xx_hal_tim.o(i.TIM_OC3_SetConfig)
    i.TIM_OC4_SetConfig                      0x08002a24   Section        0  stm32l0xx_hal_tim.o(i.TIM_OC4_SetConfig)
    TIM_OC4_SetConfig                        0x08002a25   Thumb Code    54  stm32l0xx_hal_tim.o(i.TIM_OC4_SetConfig)
    i.TIM_TI1_ConfigInputStage               0x08002a5a   Section        0  stm32l0xx_hal_tim.o(i.TIM_TI1_ConfigInputStage)
    TIM_TI1_ConfigInputStage                 0x08002a5b   Thumb Code    34  stm32l0xx_hal_tim.o(i.TIM_TI1_ConfigInputStage)
    i.TIM_TI2_ConfigInputStage               0x08002a7c   Section        0  stm32l0xx_hal_tim.o(i.TIM_TI2_ConfigInputStage)
    TIM_TI2_ConfigInputStage                 0x08002a7d   Thumb Code    38  stm32l0xx_hal_tim.o(i.TIM_TI2_ConfigInputStage)
    i.UART_AdvFeatureConfig                  0x08002aa2   Section        0  stm32l0xx_hal_uart.o(i.UART_AdvFeatureConfig)
    i.UART_CheckIdleState                    0x08002b6c   Section        0  stm32l0xx_hal_uart.o(i.UART_CheckIdleState)
    i.UART_SetConfig                         0x08002bcc   Section        0  stm32l0xx_hal_uart.o(i.UART_SetConfig)
    i.UART_WaitOnFlagUntilTimeout            0x08002df4   Section        0  stm32l0xx_hal_uart.o(i.UART_WaitOnFlagUntilTimeout)
    i.__0sprintf$6                           0x08002e58   Section        0  printf6.o(i.__0sprintf$6)
    i.__ARM_clz                              0x08002e80   Section        0  depilogue.o(i.__ARM_clz)
    i.__ARM_common_switch8                   0x08002eae   Section        0  stm32l0xx_hal_tim.o(i.__ARM_common_switch8)
    i.__scatterload_copy                     0x08002ec8   Section       14  handlers.o(i.__scatterload_copy)
    i.__scatterload_null                     0x08002ed6   Section        2  handlers.o(i.__scatterload_null)
    i.__scatterload_zeroinit                 0x08002ed8   Section       14  handlers.o(i.__scatterload_zeroinit)
    i._printf_core                           0x08002ee8   Section        0  printf6.o(i._printf_core)
    _printf_core                             0x08002ee9   Thumb Code   768  printf6.o(i._printf_core)
    i._printf_post_padding                   0x080031ec   Section        0  printf6.o(i._printf_post_padding)
    _printf_post_padding                     0x080031ed   Thumb Code    32  printf6.o(i._printf_post_padding)
    i._printf_pre_padding                    0x0800320c   Section        0  printf6.o(i._printf_pre_padding)
    _printf_pre_padding                      0x0800320d   Thumb Code    44  printf6.o(i._printf_pre_padding)
    i._sputc                                 0x08003238   Section        0  printf6.o(i._sputc)
    _sputc                                   0x08003239   Thumb Code    10  printf6.o(i._sputc)
    i.initialisation_capteur                 0x08003242   Section        0  main.o(i.initialisation_capteur)
    i.main                                   0x08003258   Section        0  main.o(i.main)
    i.makeFreeRtosPriority                   0x08003300   Section        0  cmsis_os.o(i.makeFreeRtosPriority)
    makeFreeRtosPriority                     0x08003301   Thumb Code    12  cmsis_os.o(i.makeFreeRtosPriority)
    i.osDelay                                0x0800330c   Section        0  cmsis_os.o(i.osDelay)
    i.osKernelStart                          0x0800331c   Section        0  cmsis_os.o(i.osKernelStart)
    i.osThreadCreate                         0x08003326   Section        0  cmsis_os.o(i.osThreadCreate)
    i.prvAddCurrentTaskToDelayedList         0x08003354   Section        0  tasks.o(i.prvAddCurrentTaskToDelayedList)
    prvAddCurrentTaskToDelayedList           0x08003355   Thumb Code    78  tasks.o(i.prvAddCurrentTaskToDelayedList)
    i.prvAddNewTaskToReadyList               0x080033ac   Section        0  tasks.o(i.prvAddNewTaskToReadyList)
    prvAddNewTaskToReadyList                 0x080033ad   Thumb Code   176  tasks.o(i.prvAddNewTaskToReadyList)
    i.prvCopyDataToQueue                     0x08003464   Section        0  queue.o(i.prvCopyDataToQueue)
    prvCopyDataToQueue                       0x08003465   Thumb Code   112  queue.o(i.prvCopyDataToQueue)
    i.prvDeleteTCB                           0x080034d4   Section        0  tasks.o(i.prvDeleteTCB)
    prvDeleteTCB                             0x080034d5   Thumb Code    18  tasks.o(i.prvDeleteTCB)
    i.prvHeapInit                            0x080034e8   Section        0  heap_4.o(i.prvHeapInit)
    prvHeapInit                              0x080034e9   Thumb Code    60  heap_4.o(i.prvHeapInit)
    i.prvIdleTask                            0x0800352c   Section        0  tasks.o(i.prvIdleTask)
    prvIdleTask                              0x0800352d   Thumb Code    64  tasks.o(i.prvIdleTask)
    i.prvInitialiseNewTask                   0x08003574   Section        0  tasks.o(i.prvInitialiseNewTask)
    prvInitialiseNewTask                     0x08003575   Thumb Code   124  tasks.o(i.prvInitialiseNewTask)
    i.prvInsertBlockIntoFreeList             0x080035f0   Section        0  heap_4.o(i.prvInsertBlockIntoFreeList)
    prvInsertBlockIntoFreeList               0x080035f1   Thumb Code    72  heap_4.o(i.prvInsertBlockIntoFreeList)
    i.prvIsQueueEmpty                        0x0800363c   Section        0  queue.o(i.prvIsQueueEmpty)
    prvIsQueueEmpty                          0x0800363d   Thumb Code    28  queue.o(i.prvIsQueueEmpty)
    i.prvResetNextTaskUnblockTime            0x08003658   Section        0  tasks.o(i.prvResetNextTaskUnblockTime)
    prvResetNextTaskUnblockTime              0x08003659   Thumb Code    28  tasks.o(i.prvResetNextTaskUnblockTime)
    i.prvTaskExitError                       0x08003678   Section        0  port.o(i.prvTaskExitError)
    prvTaskExitError                         0x08003679   Thumb Code    14  port.o(i.prvTaskExitError)
    i.prvUnlockQueue                         0x0800368c   Section        0  queue.o(i.prvUnlockQueue)
    prvUnlockQueue                           0x0800368d   Thumb Code   112  queue.o(i.prvUnlockQueue)
    i.pvPortMalloc                           0x080036fc   Section        0  heap_4.o(i.pvPortMalloc)
    i.pvTaskIncrementMutexHeldCount          0x080037ac   Section        0  tasks.o(i.pvTaskIncrementMutexHeldCount)
    i.pxPortInitialiseStack                  0x080037c4   Section        0  port.o(i.pxPortInitialiseStack)
    i.uxListRemove                           0x080037e4   Section        0  list.o(i.uxListRemove)
    i.vListInitialise                        0x0800380a   Section        0  list.o(i.vListInitialise)
    i.vListInitialiseItem                    0x08003820   Section        0  list.o(i.vListInitialiseItem)
    i.vListInsert                            0x08003826   Section        0  list.o(i.vListInsert)
    i.vListInsertEnd                         0x08003856   Section        0  list.o(i.vListInsertEnd)
    i.vPortEnterCritical                     0x08003870   Section        0  port.o(i.vPortEnterCritical)
    i.vPortExitCritical                      0x08003888   Section        0  port.o(i.vPortExitCritical)
    i.vPortFree                              0x080038a4   Section        0  heap_4.o(i.vPortFree)
    i.vPortYield                             0x080038e8   Section        0  port.o(i.vPortYield)
    i.vTaskDelay                             0x08003900   Section        0  tasks.o(i.vTaskDelay)
    i.vTaskDelayUntil                        0x08003930   Section        0  tasks.o(i.vTaskDelayUntil)
    i.vTaskInternalSetTimeOutState           0x0800398c   Section        0  tasks.o(i.vTaskInternalSetTimeOutState)
    i.vTaskMissedYield                       0x0800399c   Section        0  tasks.o(i.vTaskMissedYield)
    i.vTaskPlaceOnEventList                  0x080039a8   Section        0  tasks.o(i.vTaskPlaceOnEventList)
    i.vTaskPriorityDisinheritAfterTimeout    0x080039cc   Section        0  tasks.o(i.vTaskPriorityDisinheritAfterTimeout)
    i.vTaskStartScheduler                    0x08003a3c   Section        0  tasks.o(i.vTaskStartScheduler)
    i.vTaskSuspendAll                        0x08003a88   Section        0  tasks.o(i.vTaskSuspendAll)
    i.vTaskSwitchContext                     0x08003a98   Section        0  tasks.o(i.vTaskSwitchContext)
    i.verification_capteur                   0x08003af0   Section        0  main.o(i.verification_capteur)
    i.xPortStartScheduler                    0x08003b14   Section        0  port.o(i.xPortStartScheduler)
    i.xQueueGenericCreate                    0x08003b64   Section        0  queue.o(i.xQueueGenericCreate)
    i.xQueueGenericReset                     0x08003ba2   Section        0  queue.o(i.xQueueGenericReset)
    i.xQueueGenericSend                      0x08003c0e   Section        0  queue.o(i.xQueueGenericSend)
    i.xQueueSemaphoreTake                    0x08003d26   Section        0  queue.o(i.xQueueSemaphoreTake)
    i.xTaskCheckForTimeOut                   0x08003e68   Section        0  tasks.o(i.xTaskCheckForTimeOut)
    i.xTaskCreate                            0x08003ec4   Section        0  tasks.o(i.xTaskCreate)
    i.xTaskGetSchedulerState                 0x08003f14   Section        0  tasks.o(i.xTaskGetSchedulerState)
    i.xTaskGetTickCount                      0x08003f34   Section        0  tasks.o(i.xTaskGetTickCount)
    i.xTaskIncrementTick                     0x08003f40   Section        0  tasks.o(i.xTaskIncrementTick)
    i.xTaskPriorityDisinherit                0x08003ffc   Section        0  tasks.o(i.xTaskPriorityDisinherit)
    i.xTaskPriorityInherit                   0x08004064   Section        0  tasks.o(i.xTaskPriorityInherit)
    i.xTaskRemoveFromEventList               0x080040dc   Section        0  tasks.o(i.xTaskRemoveFromEventList)
    i.xTaskResumeAll                         0x08004140   Section        0  tasks.o(i.xTaskResumeAll)
    .constdata                               0x080041ec   Section       60  main.o(.constdata)
    .constdata                               0x08004228   Section       25  system_stm32l0xx.o(.constdata)
    .constdata                               0x08004241   Section        8  system_stm32l0xx.o(.constdata)
    .conststring                             0x0800424c   Section       32  main.o(.conststring)
    .data                                    0x20000000   Section       72  main.o(.data)
    .data                                    0x20000048   Section        4  stm32l0xx_hal.o(.data)
    .data                                    0x2000004c   Section        4  system_stm32l0xx.o(.data)
    .data                                    0x20000050   Section       60  tasks.o(.data)
    pxDelayedTaskList                        0x20000054   Data           4  tasks.o(.data)
    pxOverflowDelayedTaskList                0x20000058   Data           4  tasks.o(.data)
    uxDeletedTasksWaitingCleanUp             0x2000005c   Data           4  tasks.o(.data)
    uxCurrentNumberOfTasks                   0x20000060   Data           4  tasks.o(.data)
    xTickCount                               0x20000064   Data           4  tasks.o(.data)
    uxTopReadyPriority                       0x20000068   Data           4  tasks.o(.data)
    xSchedulerRunning                        0x2000006c   Data           4  tasks.o(.data)
    uxPendedTicks                            0x20000070   Data           4  tasks.o(.data)
    xYieldPending                            0x20000074   Data           4  tasks.o(.data)
    xNumOfOverflows                          0x20000078   Data           4  tasks.o(.data)
    uxTaskNumber                             0x2000007c   Data           4  tasks.o(.data)
    xNextTaskUnblockTime                     0x20000080   Data           4  tasks.o(.data)
    xIdleTaskHandle                          0x20000084   Data           4  tasks.o(.data)
    uxSchedulerSuspended                     0x20000088   Data           4  tasks.o(.data)
    .data                                    0x2000008c   Section       24  heap_4.o(.data)
    pxEnd                                    0x2000008c   Data           4  heap_4.o(.data)
    xFreeBytesRemaining                      0x20000090   Data           4  heap_4.o(.data)
    xMinimumEverFreeBytesRemaining           0x20000094   Data           4  heap_4.o(.data)
    xBlockAllocatedBit                       0x20000098   Data           4  heap_4.o(.data)
    xStart                                   0x2000009c   Data           8  heap_4.o(.data)
    .data                                    0x200000a4   Section        4  port.o(.data)
    uxCriticalNesting                        0x200000a4   Data           4  port.o(.data)
    .bss                                     0x200000a8   Section      294  main.o(.bss)
    .bss                                     0x200001d0   Section       60  stm32l0xx_hal_timebase_tim.o(.bss)
    .bss                                     0x2000020c   Section      240  tasks.o(.bss)
    pxReadyTasksLists                        0x2000020c   Data         140  tasks.o(.bss)
    xDelayedTaskList1                        0x20000298   Data          20  tasks.o(.bss)
    xDelayedTaskList2                        0x200002ac   Data          20  tasks.o(.bss)
    xPendingReadyList                        0x200002c0   Data          20  tasks.o(.bss)
    xTasksWaitingTermination                 0x200002d4   Data          20  tasks.o(.bss)
    xSuspendedTaskList                       0x200002e8   Data          20  tasks.o(.bss)
    .bss                                     0x200002fc   Section     3072  heap_4.o(.bss)
    ucHeap                                   0x200002fc   Data        3072  heap_4.o(.bss)
    STACK                                    0x20000f00   Section     1024  startup_stm32l053xx.o(STACK)

    Global Symbols

    Symbol Name                              Value     Ov Type        Size  Object(Section)

    BuildAttributes$$THM_ISAv3M$S$PE$A:L22$X:L11$S22$IEEE1$IW$USESV6$~STKCKD$USESV7$~SHL$OSPACE$ROPI$EBA8$MICROLIB$REQ8$PRES8$EABIv2 0x00000000   Number         0  anon$$obj.o ABSOLUTE
    __ARM_use_no_argv                        0x00000000   Number         0  main.o ABSOLUTE
    _printf_a                                0x00000000   Number         0  stubs.o ABSOLUTE
    _printf_c                                0x00000000   Number         0  stubs.o ABSOLUTE
    _printf_charcount                        0x00000000   Number         0  stubs.o ABSOLUTE
    _printf_d                                0x00000000   Number         0  stubs.o ABSOLUTE
    _printf_e                                0x00000000   Number         0  stubs.o ABSOLUTE
    _printf_f                                0x00000000   Number         0  stubs.o ABSOLUTE
    _printf_flags                            0x00000000   Number         0  stubs.o ABSOLUTE
    _printf_fp_dec                           0x00000000   Number         0  stubs.o ABSOLUTE
    _printf_fp_hex                           0x00000000   Number         0  stubs.o ABSOLUTE
    _printf_g                                0x00000000   Number         0  stubs.o ABSOLUTE
    _printf_i                                0x00000000   Number         0  stubs.o ABSOLUTE
    _printf_int_dec                          0x00000000   Number         0  stubs.o ABSOLUTE
    _printf_l                                0x00000000   Number         0  stubs.o ABSOLUTE
    _printf_lc                               0x00000000   Number         0  stubs.o ABSOLUTE
    _printf_ll                               0x00000000   Number         0  stubs.o ABSOLUTE
    _printf_lld                              0x00000000   Number         0  stubs.o ABSOLUTE
    _printf_lli                              0x00000000   Number         0  stubs.o ABSOLUTE
    _printf_llo                              0x00000000   Number         0  stubs.o ABSOLUTE
    _printf_llu                              0x00000000   Number         0  stubs.o ABSOLUTE
    _printf_llx                              0x00000000   Number         0  stubs.o ABSOLUTE
    _printf_longlong_dec                     0x00000000   Number         0  stubs.o ABSOLUTE
    _printf_longlong_hex                     0x00000000   Number         0  stubs.o ABSOLUTE
    _printf_longlong_oct                     0x00000000   Number         0  stubs.o ABSOLUTE
    _printf_ls                               0x00000000   Number         0  stubs.o ABSOLUTE
    _printf_mbtowc                           0x00000000   Number         0  stubs.o ABSOLUTE
    _printf_n                                0x00000000   Number         0  stubs.o ABSOLUTE
    _printf_o                                0x00000000   Number         0  stubs.o ABSOLUTE
    _printf_p                                0x00000000   Number         0  stubs.o ABSOLUTE
    _printf_percent                          0x00000000   Number         0  stubs.o ABSOLUTE
    _printf_pre_padding                      0x00000000   Number         0  stubs.o ABSOLUTE
    _printf_return_value                     0x00000000   Number         0  stubs.o ABSOLUTE
    _printf_s                                0x00000000   Number         0  stubs.o ABSOLUTE
    _printf_sizespec                         0x00000000   Number         0  stubs.o ABSOLUTE
    _printf_str                              0x00000000   Number         0  stubs.o ABSOLUTE
    _printf_truncate_signed                  0x00000000   Number         0  stubs.o ABSOLUTE
    _printf_truncate_unsigned                0x00000000   Number         0  stubs.o ABSOLUTE
    _printf_u                                0x00000000   Number         0  stubs.o ABSOLUTE
    _printf_wc                               0x00000000   Number         0  stubs.o ABSOLUTE
    _printf_wctomb                           0x00000000   Number         0  stubs.o ABSOLUTE
    _printf_widthprec                        0x00000000   Number         0  stubs.o ABSOLUTE
    _printf_x                                0x00000000   Number         0  stubs.o ABSOLUTE
    __cpp_initialize__aeabi_                  - Undefined Weak Reference
    __cxa_finalize                            - Undefined Weak Reference
    __decompress                              - Undefined Weak Reference
    _clock_init                               - Undefined Weak Reference
    _microlib_exit                            - Undefined Weak Reference
    __Vectors_Size                           0x000000c0   Number         0  startup_stm32l053xx.o ABSOLUTE
    __Vectors                                0x08000000   Data           4  startup_stm32l053xx.o(RESET)
    __Vectors_End                            0x080000c0   Data           0  startup_stm32l053xx.o(RESET)
    __main                                   0x080000c1   Thumb Code     0  entry.o(.ARM.Collect$$$$00000000)
    _main_stk                                0x080000c1   Thumb Code     0  entry2.o(.ARM.Collect$$$$00000001)
    _main_scatterload                        0x080000c5   Thumb Code     0  entry5.o(.ARM.Collect$$$$00000004)
    __main_after_scatterload                 0x080000c9   Thumb Code     0  entry5.o(.ARM.Collect$$$$00000004)
    _main_clock                              0x080000c9   Thumb Code     0  entry7b.o(.ARM.Collect$$$$00000008)
    _main_cpp_init                           0x080000c9   Thumb Code     0  entry8b.o(.ARM.Collect$$$$0000000A)
    _main_init                               0x080000c9   Thumb Code     0  entry9a.o(.ARM.Collect$$$$0000000B)
    __rt_final_cpp                           0x080000d1   Thumb Code     0  entry10a.o(.ARM.Collect$$$$0000000D)
    __rt_final_exit                          0x080000d1   Thumb Code     0  entry11a.o(.ARM.Collect$$$$0000000F)
    __asm___6_port_c_39a90d8d__prvPortStartFirstTask 0x080000d5   Thumb Code    36  port.o(.emb_text)
    ulSetInterruptMaskFromISR                0x080000fd   Thumb Code     8  port.o(.emb_text)
    vClearInterruptMaskFromISR               0x08000105   Thumb Code     6  port.o(.emb_text)
    PendSV_Handler                           0x0800010b   Thumb Code    62  port.o(.emb_text)
    Reset_Handler                            0x0800014d   Thumb Code     8  startup_stm32l053xx.o(.text)
    ADC1_COMP_IRQHandler                     0x0800015f   Thumb Code     0  startup_stm32l053xx.o(.text)
    DMA1_Channel1_IRQHandler                 0x0800015f   Thumb Code     0  startup_stm32l053xx.o(.text)
    DMA1_Channel2_3_IRQHandler               0x0800015f   Thumb Code     0  startup_stm32l053xx.o(.text)
    DMA1_Channel4_5_6_7_IRQHandler           0x0800015f   Thumb Code     0  startup_stm32l053xx.o(.text)
    EXTI0_1_IRQHandler                       0x0800015f   Thumb Code     0  startup_stm32l053xx.o(.text)
    EXTI2_3_IRQHandler                       0x0800015f   Thumb Code     0  startup_stm32l053xx.o(.text)
    EXTI4_15_IRQHandler                      0x0800015f   Thumb Code     0  startup_stm32l053xx.o(.text)
    FLASH_IRQHandler                         0x0800015f   Thumb Code     0  startup_stm32l053xx.o(.text)
    I2C2_IRQHandler                          0x0800015f   Thumb Code     0  startup_stm32l053xx.o(.text)
    LCD_IRQHandler                           0x0800015f   Thumb Code     0  startup_stm32l053xx.o(.text)
    LPTIM1_IRQHandler                        0x0800015f   Thumb Code     0  startup_stm32l053xx.o(.text)
    PVD_IRQHandler                           0x0800015f   Thumb Code     0  startup_stm32l053xx.o(.text)
    RCC_CRS_IRQHandler                       0x0800015f   Thumb Code     0  startup_stm32l053xx.o(.text)
    RNG_LPUART1_IRQHandler                   0x0800015f   Thumb Code     0  startup_stm32l053xx.o(.text)
    RTC_IRQHandler                           0x0800015f   Thumb Code     0  startup_stm32l053xx.o(.text)
    SPI1_IRQHandler                          0x0800015f   Thumb Code     0  startup_stm32l053xx.o(.text)
    SPI2_IRQHandler                          0x0800015f   Thumb Code     0  startup_stm32l053xx.o(.text)
    TIM21_IRQHandler                         0x0800015f   Thumb Code     0  startup_stm32l053xx.o(.text)
    TIM22_IRQHandler                         0x0800015f   Thumb Code     0  startup_stm32l053xx.o(.text)
    TIM2_IRQHandler                          0x0800015f   Thumb Code     0  startup_stm32l053xx.o(.text)
    TSC_IRQHandler                           0x0800015f   Thumb Code     0  startup_stm32l053xx.o(.text)
    USART1_IRQHandler                        0x0800015f   Thumb Code     0  startup_stm32l053xx.o(.text)
    USART2_IRQHandler                        0x0800015f   Thumb Code     0  startup_stm32l053xx.o(.text)
    USB_IRQHandler                           0x0800015f   Thumb Code     0  startup_stm32l053xx.o(.text)
    WWDG_IRQHandler                          0x0800015f   Thumb Code     0  startup_stm32l053xx.o(.text)
    __aeabi_uidiv                            0x08000169   Thumb Code     0  uidiv.o(.text)
    __aeabi_uidivmod                         0x08000169   Thumb Code    44  uidiv.o(.text)
    __aeabi_uldivmod                         0x08000195   Thumb Code    96  uldiv.o(.text)
    __aeabi_memcpy                           0x080001f5   Thumb Code    36  memcpya.o(.text)
    __aeabi_memcpy4                          0x080001f5   Thumb Code     0  memcpya.o(.text)
    __aeabi_memcpy8                          0x080001f5   Thumb Code     0  memcpya.o(.text)
    __aeabi_memset                           0x08000219   Thumb Code    14  memseta.o(.text)
    __aeabi_memset4                          0x08000219   Thumb Code     0  memseta.o(.text)
    __aeabi_memset8                          0x08000219   Thumb Code     0  memseta.o(.text)
    __aeabi_memclr                           0x08000227   Thumb Code     4  memseta.o(.text)
    __aeabi_memclr4                          0x08000227   Thumb Code     0  memseta.o(.text)
    __aeabi_memclr8                          0x08000227   Thumb Code     0  memseta.o(.text)
    memset                                   0x0800022b   Thumb Code    18  memseta.o(.text)
    __aeabi_dadd                             0x0800023d   Thumb Code   328  dadd.o(.text)
    __aeabi_dsub                             0x08000385   Thumb Code    12  dadd.o(.text)
    __aeabi_drsub                            0x08000391   Thumb Code    12  dadd.o(.text)
    __aeabi_dmul                             0x080003a1   Thumb Code   202  dmul.o(.text)
    __aeabi_i2d                              0x08000471   Thumb Code    34  dflti.o(.text)
    __aeabi_d2iz                             0x08000499   Thumb Code    62  dfixi.o(.text)
    __aeabi_llsl                             0x080004e1   Thumb Code    32  llshl.o(.text)
    _ll_shift_l                              0x080004e1   Thumb Code     0  llshl.o(.text)
    __aeabi_llsr                             0x08000501   Thumb Code    34  llushr.o(.text)
    _ll_ushift_r                             0x08000501   Thumb Code     0  llushr.o(.text)
    __aeabi_lasr                             0x08000523   Thumb Code    38  llsshr.o(.text)
    _ll_sshift_r                             0x08000523   Thumb Code     0  llsshr.o(.text)
    __I$use$fp                               0x08000549   Thumb Code     0  iusefp.o(.text)
    _double_round                            0x08000549   Thumb Code    26  depilogue.o(.text)
    _double_epilogue                         0x08000563   Thumb Code   164  depilogue.o(.text)
    __scatterload                            0x08000609   Thumb Code    28  init.o(.text)
    __scatterload_rt2                        0x08000609   Thumb Code     0  init.o(.text)
    HAL_DMA_Abort_IT                         0x0800062d   Thumb Code    76  stm32l0xx_hal_dma.o(i.HAL_DMA_Abort_IT)
    HAL_GPIO_Init                            0x08000679   Thumb Code   346  stm32l0xx_hal_gpio.o(i.HAL_GPIO_Init)
    HAL_GPIO_TogglePin                       0x080007f1   Thumb Code     8  stm32l0xx_hal_gpio.o(i.HAL_GPIO_TogglePin)
    HAL_GPIO_WritePin                        0x080007f9   Thumb Code    12  stm32l0xx_hal_gpio.o(i.HAL_GPIO_WritePin)
    HAL_GetTick                              0x08000805   Thumb Code     6  stm32l0xx_hal.o(i.HAL_GetTick)
    HAL_I2CEx_ConfigAnalogFilter             0x08000811   Thumb Code    74  stm32l0xx_hal_i2c_ex.o(i.HAL_I2CEx_ConfigAnalogFilter)
    HAL_I2CEx_ConfigDigitalFilter            0x0800085b   Thumb Code    72  stm32l0xx_hal_i2c_ex.o(i.HAL_I2CEx_ConfigDigitalFilter)
    HAL_I2C_AbortCpltCallback                0x080008a3   Thumb Code     2  stm32l0xx_hal_i2c.o(i.HAL_I2C_AbortCpltCallback)
    HAL_I2C_AddrCallback                     0x080008a5   Thumb Code     2  stm32l0xx_hal_i2c.o(i.HAL_I2C_AddrCallback)
    HAL_I2C_ER_IRQHandler                    0x080008a7   Thumb Code    94  stm32l0xx_hal_i2c.o(i.HAL_I2C_ER_IRQHandler)
    HAL_I2C_EV_IRQHandler                    0x08000905   Thumb Code    16  stm32l0xx_hal_i2c.o(i.HAL_I2C_EV_IRQHandler)
    HAL_I2C_ErrorCallback                    0x08000915   Thumb Code     2  stm32l0xx_hal_i2c.o(i.HAL_I2C_ErrorCallback)
    HAL_I2C_Init                             0x08000919   Thumb Code   176  stm32l0xx_hal_i2c.o(i.HAL_I2C_Init)
    HAL_I2C_IsDeviceReady                    0x080009cd   Thumb Code   282  stm32l0xx_hal_i2c.o(i.HAL_I2C_IsDeviceReady)
    HAL_I2C_ListenCpltCallback               0x08000aed   Thumb Code     2  stm32l0xx_hal_i2c.o(i.HAL_I2C_ListenCpltCallback)
    HAL_I2C_Master_Transmit                  0x08000af1   Thumb Code   262  stm32l0xx_hal_i2c.o(i.HAL_I2C_Master_Transmit)
    HAL_I2C_Mem_Read                         0x08000c01   Thumb Code   332  stm32l0xx_hal_i2c.o(i.HAL_I2C_Mem_Read)
    HAL_I2C_MspInit                          0x08000d55   Thumb Code    98  stm32l0xx_hal_msp.o(i.HAL_I2C_MspInit)
    HAL_I2C_SlaveRxCpltCallback              0x08000dc5   Thumb Code     2  stm32l0xx_hal_i2c.o(i.HAL_I2C_SlaveRxCpltCallback)
    HAL_I2C_SlaveTxCpltCallback              0x08000dc7   Thumb Code     2  stm32l0xx_hal_i2c.o(i.HAL_I2C_SlaveTxCpltCallback)
    HAL_IncTick                              0x08000dc9   Thumb Code    10  stm32l0xx_hal.o(i.HAL_IncTick)
    HAL_Init                                 0x08000dd9   Thumb Code    36  stm32l0xx_hal.o(i.HAL_Init)
    HAL_InitTick                             0x08000e01   Thumb Code    92  stm32l0xx_hal_timebase_tim.o(i.HAL_InitTick)
    HAL_MspInit                              0x08000e71   Thumb Code    32  stm32l0xx_hal_msp.o(i.HAL_MspInit)
    HAL_NVIC_EnableIRQ                       0x08000e95   Thumb Code    14  stm32l0xx_hal_cortex.o(i.HAL_NVIC_EnableIRQ)
    HAL_NVIC_SetPriority                     0x08000ea9   Thumb Code     8  stm32l0xx_hal_cortex.o(i.HAL_NVIC_SetPriority)
    HAL_RCCEx_PeriphCLKConfig                0x08000eb1   Thumb Code   396  stm32l0xx_hal_rcc_ex.o(i.HAL_RCCEx_PeriphCLKConfig)
    HAL_RCC_ClockConfig                      0x08001049   Thumb Code   344  stm32l0xx_hal_rcc.o(i.HAL_RCC_ClockConfig)
    HAL_RCC_GetClockConfig                   0x080011b5   Thumb Code    54  stm32l0xx_hal_rcc.o(i.HAL_RCC_GetClockConfig)
    HAL_RCC_GetPCLK1Freq                     0x080011f5   Thumb Code    20  stm32l0xx_hal_rcc.o(i.HAL_RCC_GetPCLK1Freq)
    HAL_RCC_GetPCLK2Freq                     0x08001215   Thumb Code    20  stm32l0xx_hal_rcc.o(i.HAL_RCC_GetPCLK2Freq)
    HAL_RCC_GetSysClockFreq                  0x08001235   Thumb Code   100  stm32l0xx_hal_rcc.o(i.HAL_RCC_GetSysClockFreq)
    HAL_RCC_OscConfig                        0x080012ad   Thumb Code  1154  stm32l0xx_hal_rcc.o(i.HAL_RCC_OscConfig)
    HAL_TIMEx_MasterConfigSynchronization    0x0800172f   Thumb Code    60  stm32l0xx_hal_tim_ex.o(i.HAL_TIMEx_MasterConfigSynchronization)
    HAL_TIM_Base_Init                        0x0800176b   Thumb Code    52  stm32l0xx_hal_tim.o(i.HAL_TIM_Base_Init)
    HAL_TIM_Base_MspInit                     0x080017a1   Thumb Code    22  stm32l0xx_hal_msp.o(i.HAL_TIM_Base_MspInit)
    HAL_TIM_Base_Start_IT                    0x080017bd   Thumb Code    32  stm32l0xx_hal_tim.o(i.HAL_TIM_Base_Start_IT)
    HAL_TIM_ConfigClockSource                0x080017dd   Thumb Code   208  stm32l0xx_hal_tim.o(i.HAL_TIM_ConfigClockSource)
    HAL_TIM_IC_CaptureCallback               0x080018ad   Thumb Code     2  stm32l0xx_hal_tim.o(i.HAL_TIM_IC_CaptureCallback)
    HAL_TIM_IRQHandler                       0x080018af   Thumb Code   294  stm32l0xx_hal_tim.o(i.HAL_TIM_IRQHandler)
    HAL_TIM_MspPostInit                      0x080019d5   Thumb Code    98  stm32l0xx_hal_msp.o(i.HAL_TIM_MspPostInit)
    HAL_TIM_OC_DelayElapsedCallback          0x08001a41   Thumb Code     2  stm32l0xx_hal_tim.o(i.HAL_TIM_OC_DelayElapsedCallback)
    HAL_TIM_PWM_ConfigChannel                0x08001a43   Thumb Code   208  stm32l0xx_hal_tim.o(i.HAL_TIM_PWM_ConfigChannel)
    HAL_TIM_PWM_Init                         0x08001b13   Thumb Code    52  stm32l0xx_hal_tim.o(i.HAL_TIM_PWM_Init)
    HAL_TIM_PWM_MspInit                      0x08001b47   Thumb Code     2  stm32l0xx_hal_tim.o(i.HAL_TIM_PWM_MspInit)
    HAL_TIM_PWM_PulseFinishedCallback        0x08001b49   Thumb Code     2  stm32l0xx_hal_tim.o(i.HAL_TIM_PWM_PulseFinishedCallback)
    HAL_TIM_PWM_Start                        0x08001b4b   Thumb Code    36  stm32l0xx_hal_tim.o(i.HAL_TIM_PWM_Start)
    HAL_TIM_PeriodElapsedCallback            0x08001b71   Thumb Code    16  main.o(i.HAL_TIM_PeriodElapsedCallback)
    HAL_TIM_TriggerCallback                  0x08001b85   Thumb Code     2  stm32l0xx_hal_tim.o(i.HAL_TIM_TriggerCallback)
    HAL_UART_Init                            0x08001b87   Thumb Code   106  stm32l0xx_hal_uart.o(i.HAL_UART_Init)
    HAL_UART_MspInit                         0x08001bf1   Thumb Code    82  stm32l0xx_hal_msp.o(i.HAL_UART_MspInit)
    HAL_UART_Transmit                        0x08001c4d   Thumb Code   206  stm32l0xx_hal_uart.o(i.HAL_UART_Transmit)
    HardFault_Handler                        0x08001d1b   Thumb Code     2  stm32l0xx_it.o(i.HardFault_Handler)
    I2C1_IRQHandler                          0x08001d1d   Thumb Code    28  stm32l0xx_it.o(i.I2C1_IRQHandler)
    I2Communication                          0x080023d9   Thumb Code   238  main.o(i.I2Communication)
    LIS3DH_ecriture                          0x080024e1   Thumb Code    26  main.o(i.LIS3DH_ecriture)
    NMI_Handler                              0x0800266d   Thumb Code     2  stm32l0xx_it.o(i.NMI_Handler)
    PWM                                      0x080026b5   Thumb Code   256  main.o(i.PWM)
    SVC_Handler                              0x080027e9   Thumb Code     2  port.o(i.SVC_Handler)
    StartDefaultTask                         0x080027eb   Thumb Code     8  main.o(i.StartDefaultTask)
    SysTick_Handler                          0x080027f5   Thumb Code    32  port.o(i.SysTick_Handler)
    SystemClock_Config                       0x08002819   Thumb Code   116  main.o(i.SystemClock_Config)
    SystemInit                               0x08002891   Thumb Code    66  system_stm32l0xx.o(i.SystemInit)
    TIM6_DAC_IRQHandler                      0x080028e5   Thumb Code    10  stm32l0xx_it.o(i.TIM6_DAC_IRQHandler)
    UART_AdvFeatureConfig                    0x08002aa3   Thumb Code   202  stm32l0xx_hal_uart.o(i.UART_AdvFeatureConfig)
    UART_CheckIdleState                      0x08002b6d   Thumb Code    90  stm32l0xx_hal_uart.o(i.UART_CheckIdleState)
    UART_SetConfig                           0x08002bcd   Thumb Code   506  stm32l0xx_hal_uart.o(i.UART_SetConfig)
    UART_WaitOnFlagUntilTimeout              0x08002df5   Thumb Code    98  stm32l0xx_hal_uart.o(i.UART_WaitOnFlagUntilTimeout)
    __0sprintf$6                             0x08002e59   Thumb Code    36  printf6.o(i.__0sprintf$6)
    __1sprintf$6                             0x08002e59   Thumb Code     0  printf6.o(i.__0sprintf$6)
    __2sprintf                               0x08002e59   Thumb Code     0  printf6.o(i.__0sprintf$6)
    __ARM_clz                                0x08002e81   Thumb Code    46  depilogue.o(i.__ARM_clz)
    __ARM_common_switch8                     0x08002eaf   Thumb Code    26  stm32l0xx_hal_tim.o(i.__ARM_common_switch8)
    __scatterload_copy                       0x08002ec9   Thumb Code    14  handlers.o(i.__scatterload_copy)
    __scatterload_null                       0x08002ed7   Thumb Code     2  handlers.o(i.__scatterload_null)
    __scatterload_zeroinit                   0x08002ed9   Thumb Code    14  handlers.o(i.__scatterload_zeroinit)
    initialisation_capteur                   0x08003243   Thumb Code    20  main.o(i.initialisation_capteur)
    main                                     0x08003259   Thumb Code   156  main.o(i.main)
    osDelay                                  0x0800330d   Thumb Code    16  cmsis_os.o(i.osDelay)
    osKernelStart                            0x0800331d   Thumb Code    10  cmsis_os.o(i.osKernelStart)
    osThreadCreate                           0x08003327   Thumb Code    46  cmsis_os.o(i.osThreadCreate)
    pvPortMalloc                             0x080036fd   Thumb Code   172  heap_4.o(i.pvPortMalloc)
    pvTaskIncrementMutexHeldCount            0x080037ad   Thumb Code    20  tasks.o(i.pvTaskIncrementMutexHeldCount)
    pxPortInitialiseStack                    0x080037c5   Thumb Code    28  port.o(i.pxPortInitialiseStack)
    uxListRemove                             0x080037e5   Thumb Code    38  list.o(i.uxListRemove)
    vListInitialise                          0x0800380b   Thumb Code    22  list.o(i.vListInitialise)
    vListInitialiseItem                      0x08003821   Thumb Code     6  list.o(i.vListInitialiseItem)
    vListInsert                              0x08003827   Thumb Code    48  list.o(i.vListInsert)
    vListInsertEnd                           0x08003857   Thumb Code    24  list.o(i.vListInsertEnd)
    vPortEnterCritical                       0x08003871   Thumb Code    20  port.o(i.vPortEnterCritical)
    vPortExitCritical                        0x08003889   Thumb Code    22  port.o(i.vPortExitCritical)
    vPortFree                                0x080038a5   Thumb Code    62  heap_4.o(i.vPortFree)
    vPortYield                               0x080038e9   Thumb Code    18  port.o(i.vPortYield)
    vTaskDelay                               0x08003901   Thumb Code    44  tasks.o(i.vTaskDelay)
    vTaskDelayUntil                          0x08003931   Thumb Code    88  tasks.o(i.vTaskDelayUntil)
    vTaskInternalSetTimeOutState             0x0800398d   Thumb Code    12  tasks.o(i.vTaskInternalSetTimeOutState)
    vTaskMissedYield                         0x0800399d   Thumb Code     8  tasks.o(i.vTaskMissedYield)
    vTaskPlaceOnEventList                    0x080039a9   Thumb Code    32  tasks.o(i.vTaskPlaceOnEventList)
    vTaskPriorityDisinheritAfterTimeout      0x080039cd   Thumb Code   104  tasks.o(i.vTaskPriorityDisinheritAfterTimeout)
    vTaskStartScheduler                      0x08003a3d   Thumb Code    58  tasks.o(i.vTaskStartScheduler)
    vTaskSuspendAll                          0x08003a89   Thumb Code    10  tasks.o(i.vTaskSuspendAll)
    vTaskSwitchContext                       0x08003a99   Thumb Code    78  tasks.o(i.vTaskSwitchContext)
    verification_capteur                     0x08003af1   Thumb Code    30  main.o(i.verification_capteur)
    xPortStartScheduler                      0x08003b15   Thumb Code    62  port.o(i.xPortStartScheduler)
    xQueueGenericCreate                      0x08003b65   Thumb Code    62  queue.o(i.xQueueGenericCreate)
    xQueueGenericReset                       0x08003ba3   Thumb Code   108  queue.o(i.xQueueGenericReset)
    xQueueGenericSend                        0x08003c0f   Thumb Code   280  queue.o(i.xQueueGenericSend)
    xQueueSemaphoreTake                      0x08003d27   Thumb Code   320  queue.o(i.xQueueSemaphoreTake)
    xTaskCheckForTimeOut                     0x08003e69   Thumb Code    86  tasks.o(i.xTaskCheckForTimeOut)
    xTaskCreate                              0x08003ec5   Thumb Code    78  tasks.o(i.xTaskCreate)
    xTaskGetSchedulerState                   0x08003f15   Thumb Code    26  tasks.o(i.xTaskGetSchedulerState)
    xTaskGetTickCount                        0x08003f35   Thumb Code     6  tasks.o(i.xTaskGetTickCount)
    xTaskIncrementTick                       0x08003f41   Thumb Code   180  tasks.o(i.xTaskIncrementTick)
    xTaskPriorityDisinherit                  0x08003ffd   Thumb Code    96  tasks.o(i.xTaskPriorityDisinherit)
    xTaskPriorityInherit                     0x08004065   Thumb Code   110  tasks.o(i.xTaskPriorityInherit)
    xTaskRemoveFromEventList                 0x080040dd   Thumb Code    90  tasks.o(i.xTaskRemoveFromEventList)
    xTaskResumeAll                           0x08004141   Thumb Code   164  tasks.o(i.xTaskResumeAll)
    AHBPrescTable                            0x08004228   Data          16  system_stm32l0xx.o(.constdata)
    PLLMulTable                              0x08004238   Data           9  system_stm32l0xx.o(.constdata)
    APBPrescTable                            0x08004241   Data           8  system_stm32l0xx.o(.constdata)
    Region$$Table$$Base                      0x0800426c   Number         0  anon$$obj.o(Region$$Table)
    Region$$Table$$Limit                     0x0800428c   Number         0  anon$$obj.o(Region$$Table)
    OUT_X_H                                  0x20000000   Data           1  main.o(.data)
    OUT_X_L                                  0x20000001   Data           1  main.o(.data)
    OUT_Y_H                                  0x20000002   Data           1  main.o(.data)
    OUT_Y_L                                  0x20000003   Data           1  main.o(.data)
    OUT_Z_H                                  0x20000004   Data           1  main.o(.data)
    OUT_Z_L                                  0x20000005   Data           1  main.o(.data)
    x_pwm                                    0x20000006   Data           2  main.o(.data)
    y_pwm                                    0x20000008   Data           2  main.o(.data)
    z_pwm                                    0x2000000a   Data           2  main.o(.data)
    x                                        0x2000000c   Data           2  main.o(.data)
    y                                        0x2000000e   Data           2  main.o(.data)
    z                                        0x20000010   Data           2  main.o(.data)
    signal                                   0x20000014   Data           4  main.o(.data)
    defaultTaskHandle                        0x20000018   Data           4  main.o(.data)
    I2CUARTHandle                            0x2000001c   Data           4  main.o(.data)
    PWMCONTROLHandle                         0x20000020   Data           4  main.o(.data)
    data_rec                                 0x20000024   Data           6  main.o(.data)
    xa                                       0x20000030   Data           8  main.o(.data)
    ya                                       0x20000038   Data           8  main.o(.data)
    za                                       0x20000040   Data           8  main.o(.data)
    uwTick                                   0x20000048   Data           4  stm32l0xx_hal.o(.data)
    SystemCoreClock                          0x2000004c   Data           4  system_stm32l0xx.o(.data)
    pxCurrentTCB                             0x20000050   Data           4  tasks.o(.data)
    hi2c1                                    0x200000a8   Data          76  main.o(.bss)
    htim2                                    0x200000f4   Data          60  main.o(.bss)
    huart2                                   0x20000130   Data         128  main.o(.bss)
    acelerations                             0x200001b0   Data          30  main.o(.bss)
    htim6                                    0x200001d0   Data          60  stm32l0xx_hal_timebase_tim.o(.bss)
    __initial_sp                             0x20001300   Data           0  startup_stm32l053xx.o(STACK)



==============================================================================

Memory Map of the image

  Image Entry point : 0x080000c1

  Load Region LR_IROM1 (Base: 0x08000000, Size: 0x00004334, Max: 0x00010000, ABSOLUTE)

    Execution Region ER_IROM1 (Exec base: 0x08000000, Load base: 0x08000000, Size: 0x0000428c, Max: 0x00010000, ABSOLUTE)

    Exec Addr    Load Addr    Size         Type   Attr      Idx    E Section Name        Object

    0x08000000   0x08000000   0x000000c0   Data   RO            3    RESET               startup_stm32l053xx.o
    0x080000c0   0x080000c0   0x00000000   Code   RO         4336  * .ARM.Collect$$$$00000000  mc_p.l(entry.o)
    0x080000c0   0x080000c0   0x00000004   Code   RO         4620    .ARM.Collect$$$$00000001  mc_p.l(entry2.o)
    0x080000c4   0x080000c4   0x00000004   Code   RO         4623    .ARM.Collect$$$$00000004  mc_p.l(entry5.o)
    0x080000c8   0x080000c8   0x00000000   Code   RO         4625    .ARM.Collect$$$$00000008  mc_p.l(entry7b.o)
    0x080000c8   0x080000c8   0x00000000   Code   RO         4627    .ARM.Collect$$$$0000000A  mc_p.l(entry8b.o)
    0x080000c8   0x080000c8   0x00000008   Code   RO         4628    .ARM.Collect$$$$0000000B  mc_p.l(entry9a.o)
    0x080000d0   0x080000d0   0x00000000   Code   RO         4630    .ARM.Collect$$$$0000000D  mc_p.l(entry10a.o)
    0x080000d0   0x080000d0   0x00000000   Code   RO         4632    .ARM.Collect$$$$0000000F  mc_p.l(entry11a.o)
    0x080000d0   0x080000d0   0x00000004   Code   RO         4621    .ARM.Collect$$$$00002712  mc_p.l(entry2.o)
    0x080000d4   0x080000d4   0x00000078   Code   RO         4271    .emb_text           port.o
    0x0800014c   0x0800014c   0x0000001c   Code   RO            4    .text               startup_stm32l053xx.o
    0x08000168   0x08000168   0x0000002c   Code   RO         4339    .text               mc_p.l(uidiv.o)
    0x08000194   0x08000194   0x00000060   Code   RO         4341    .text               mc_p.l(uldiv.o)
    0x080001f4   0x080001f4   0x00000024   Code   RO         4343    .text               mc_p.l(memcpya.o)
    0x08000218   0x08000218   0x00000024   Code   RO         4347    .text               mc_p.l(memseta.o)
    0x0800023c   0x0800023c   0x00000164   Code   RO         4612    .text               mf_p.l(dadd.o)
    0x080003a0   0x080003a0   0x000000d0   Code   RO         4614    .text               mf_p.l(dmul.o)
    0x08000470   0x08000470   0x00000028   Code   RO         4616    .text               mf_p.l(dflti.o)
    0x08000498   0x08000498   0x00000048   Code   RO         4618    .text               mf_p.l(dfixi.o)
    0x080004e0   0x080004e0   0x00000020   Code   RO         4637    .text               mc_p.l(llshl.o)
    0x08000500   0x08000500   0x00000022   Code   RO         4639    .text               mc_p.l(llushr.o)
    0x08000522   0x08000522   0x00000026   Code   RO         4641    .text               mc_p.l(llsshr.o)
    0x08000548   0x08000548   0x00000000   Code   RO         4643    .text               mc_p.l(iusefp.o)
    0x08000548   0x08000548   0x000000be   Code   RO         4644    .text               mf_p.l(depilogue.o)
    0x08000606   0x08000606   0x00000002   PAD
    0x08000608   0x08000608   0x00000024   Code   RO         4654    .text               mc_p.l(init.o)
    0x0800062c   0x0800062c   0x0000004c   Code   RO         2756    i.HAL_DMA_Abort_IT  stm32l0xx_hal_dma.o
    0x08000678   0x08000678   0x00000178   Code   RO         2695    i.HAL_GPIO_Init     stm32l0xx_hal_gpio.o
    0x080007f0   0x080007f0   0x00000008   Code   RO         2698    i.HAL_GPIO_TogglePin  stm32l0xx_hal_gpio.o
    0x080007f8   0x080007f8   0x0000000c   Code   RO         2699    i.HAL_GPIO_WritePin  stm32l0xx_hal_gpio.o
    0x08000804   0x08000804   0x0000000c   Code   RO         2045    i.HAL_GetTick       stm32l0xx_hal.o
    0x08000810   0x08000810   0x0000004a   Code   RO          871    i.HAL_I2CEx_ConfigAnalogFilter  stm32l0xx_hal_i2c_ex.o
    0x0800085a   0x0800085a   0x00000048   Code   RO          872    i.HAL_I2CEx_ConfigDigitalFilter  stm32l0xx_hal_i2c_ex.o
    0x080008a2   0x080008a2   0x00000002   Code   RO          418    i.HAL_I2C_AbortCpltCallback  stm32l0xx_hal_i2c.o
    0x080008a4   0x080008a4   0x00000002   Code   RO          419    i.HAL_I2C_AddrCallback  stm32l0xx_hal_i2c.o
    0x080008a6   0x080008a6   0x0000005e   Code   RO          422    i.HAL_I2C_ER_IRQHandler  stm32l0xx_hal_i2c.o
    0x08000904   0x08000904   0x00000010   Code   RO          423    i.HAL_I2C_EV_IRQHandler  stm32l0xx_hal_i2c.o
    0x08000914   0x08000914   0x00000002   Code   RO          425    i.HAL_I2C_ErrorCallback  stm32l0xx_hal_i2c.o
    0x08000916   0x08000916   0x00000002   PAD
    0x08000918   0x08000918   0x000000b4   Code   RO          429    i.HAL_I2C_Init      stm32l0xx_hal_i2c.o
    0x080009cc   0x080009cc   0x00000120   Code   RO          430    i.HAL_I2C_IsDeviceReady  stm32l0xx_hal_i2c.o
    0x08000aec   0x08000aec   0x00000002   Code   RO          431    i.HAL_I2C_ListenCpltCallback  stm32l0xx_hal_i2c.o
    0x08000aee   0x08000aee   0x00000002   PAD
    0x08000af0   0x08000af0   0x00000110   Code   RO          442    i.HAL_I2C_Master_Transmit  stm32l0xx_hal_i2c.o
    0x08000c00   0x08000c00   0x00000154   Code   RO          447    i.HAL_I2C_Mem_Read  stm32l0xx_hal_i2c.o
    0x08000d54   0x08000d54   0x00000070   Code   RO          322    i.HAL_I2C_MspInit   stm32l0xx_hal_msp.o
    0x08000dc4   0x08000dc4   0x00000002   Code   RO          455    i.HAL_I2C_SlaveRxCpltCallback  stm32l0xx_hal_i2c.o
    0x08000dc6   0x08000dc6   0x00000002   Code   RO          456    i.HAL_I2C_SlaveTxCpltCallback  stm32l0xx_hal_i2c.o
    0x08000dc8   0x08000dc8   0x00000010   Code   RO         2049    i.HAL_IncTick       stm32l0xx_hal.o
    0x08000dd8   0x08000dd8   0x00000028   Code   RO         2050    i.HAL_Init          stm32l0xx_hal.o
    0x08000e00   0x08000e00   0x00000070   Code   RO          383    i.HAL_InitTick      stm32l0xx_hal_timebase_tim.o
    0x08000e70   0x08000e70   0x00000024   Code   RO          323    i.HAL_MspInit       stm32l0xx_hal_msp.o
    0x08000e94   0x08000e94   0x00000014   Code   RO         3022    i.HAL_NVIC_EnableIRQ  stm32l0xx_hal_cortex.o
    0x08000ea8   0x08000ea8   0x00000008   Code   RO         3026    i.HAL_NVIC_SetPriority  stm32l0xx_hal_cortex.o
    0x08000eb0   0x08000eb0   0x00000198   Code   RO         2330    i.HAL_RCCEx_PeriphCLKConfig  stm32l0xx_hal_rcc_ex.o
    0x08001048   0x08001048   0x0000016c   Code   RO         2221    i.HAL_RCC_ClockConfig  stm32l0xx_hal_rcc.o
    0x080011b4   0x080011b4   0x00000040   Code   RO         2224    i.HAL_RCC_GetClockConfig  stm32l0xx_hal_rcc.o
    0x080011f4   0x080011f4   0x00000020   Code   RO         2227    i.HAL_RCC_GetPCLK1Freq  stm32l0xx_hal_rcc.o
    0x08001214   0x08001214   0x00000020   Code   RO         2228    i.HAL_RCC_GetPCLK2Freq  stm32l0xx_hal_rcc.o
    0x08001234   0x08001234   0x00000078   Code   RO         2229    i.HAL_RCC_GetSysClockFreq  stm32l0xx_hal_rcc.o
    0x080012ac   0x080012ac   0x00000482   Code   RO         2232    i.HAL_RCC_OscConfig  stm32l0xx_hal_rcc.o
    0x0800172e   0x0800172e   0x0000003c   Code   RO         1592    i.HAL_TIMEx_MasterConfigSynchronization  stm32l0xx_hal_tim_ex.o
    0x0800176a   0x0800176a   0x00000034   Code   RO          923    i.HAL_TIM_Base_Init  stm32l0xx_hal_tim.o
    0x0800179e   0x0800179e   0x00000002   PAD
    0x080017a0   0x080017a0   0x0000001c   Code   RO          325    i.HAL_TIM_Base_MspInit  stm32l0xx_hal_msp.o
    0x080017bc   0x080017bc   0x00000020   Code   RO          928    i.HAL_TIM_Base_Start_IT  stm32l0xx_hal_tim.o
    0x080017dc   0x080017dc   0x000000d0   Code   RO          932    i.HAL_TIM_ConfigClockSource  stm32l0xx_hal_tim.o
    0x080018ac   0x080018ac   0x00000002   Code   RO          952    i.HAL_TIM_IC_CaptureCallback  stm32l0xx_hal_tim.o
    0x080018ae   0x080018ae   0x00000126   Code   RO          966    i.HAL_TIM_IRQHandler  stm32l0xx_hal_tim.o
    0x080019d4   0x080019d4   0x0000006c   Code   RO          326    i.HAL_TIM_MspPostInit  stm32l0xx_hal_msp.o
    0x08001a40   0x08001a40   0x00000002   Code   RO          969    i.HAL_TIM_OC_DelayElapsedCallback  stm32l0xx_hal_tim.o
    0x08001a42   0x08001a42   0x000000d0   Code   RO          990    i.HAL_TIM_PWM_ConfigChannel  stm32l0xx_hal_tim.o
    0x08001b12   0x08001b12   0x00000034   Code   RO          993    i.HAL_TIM_PWM_Init  stm32l0xx_hal_tim.o
    0x08001b46   0x08001b46   0x00000002   Code   RO          995    i.HAL_TIM_PWM_MspInit  stm32l0xx_hal_tim.o
    0x08001b48   0x08001b48   0x00000002   Code   RO          996    i.HAL_TIM_PWM_PulseFinishedCallback  stm32l0xx_hal_tim.o
    0x08001b4a   0x08001b4a   0x00000024   Code   RO          998    i.HAL_TIM_PWM_Start  stm32l0xx_hal_tim.o
    0x08001b6e   0x08001b6e   0x00000002   PAD
    0x08001b70   0x08001b70   0x00000014   Code   RO           13    i.HAL_TIM_PeriodElapsedCallback  main.o
    0x08001b84   0x08001b84   0x00000002   Code   RO         1009    i.HAL_TIM_TriggerCallback  stm32l0xx_hal_tim.o
    0x08001b86   0x08001b86   0x0000006a   Code   RO         1644    i.HAL_UART_Init     stm32l0xx_hal_uart.o
    0x08001bf0   0x08001bf0   0x0000005c   Code   RO          328    i.HAL_UART_MspInit  stm32l0xx_hal_msp.o
    0x08001c4c   0x08001c4c   0x000000ce   Code   RO         1652    i.HAL_UART_Transmit  stm32l0xx_hal_uart.o
    0x08001d1a   0x08001d1a   0x00000002   Code   RO          279    i.HardFault_Handler  stm32l0xx_it.o
    0x08001d1c   0x08001d1c   0x00000020   Code   RO          280    i.I2C1_IRQHandler   stm32l0xx_it.o
    0x08001d3c   0x08001d3c   0x00000028   Code   RO          468    i.I2C_DMAAbort      stm32l0xx_hal_i2c.o
    0x08001d64   0x08001d64   0x00000054   Code   RO          474    i.I2C_Disable_IRQ   stm32l0xx_hal_i2c.o
    0x08001db8   0x08001db8   0x00000022   Code   RO          476    i.I2C_Flush_TXDR    stm32l0xx_hal_i2c.o
    0x08001dda   0x08001dda   0x0000007a   Code   RO          477    i.I2C_ITAddrCplt    stm32l0xx_hal_i2c.o
    0x08001e54   0x08001e54   0x000000d0   Code   RO          478    i.I2C_ITError       stm32l0xx_hal_i2c.o
    0x08001f24   0x08001f24   0x00000064   Code   RO          479    i.I2C_ITListenCplt  stm32l0xx_hal_i2c.o
    0x08001f88   0x08001f88   0x000000f4   Code   RO          482    i.I2C_ITSlaveCplt   stm32l0xx_hal_i2c.o
    0x0800207c   0x0800207c   0x0000004a   Code   RO          483    i.I2C_ITSlaveSeqCplt  stm32l0xx_hal_i2c.o
    0x080020c6   0x080020c6   0x00000002   PAD
    0x080020c8   0x080020c8   0x00000070   Code   RO          484    i.I2C_IsAcknowledgeFailed  stm32l0xx_hal_i2c.o
    0x08002138   0x08002138   0x00000060   Code   RO          487    i.I2C_RequestMemoryRead  stm32l0xx_hal_i2c.o
    0x08002198   0x08002198   0x0000012a   Code   RO          490    i.I2C_Slave_ISR_IT  stm32l0xx_hal_i2c.o
    0x080022c2   0x080022c2   0x00000002   PAD
    0x080022c4   0x080022c4   0x00000028   Code   RO          491    i.I2C_TransferConfig  stm32l0xx_hal_i2c.o
    0x080022ec   0x080022ec   0x0000004e   Code   RO          492    i.I2C_WaitOnFlagUntilTimeout  stm32l0xx_hal_i2c.o
    0x0800233a   0x0800233a   0x0000004c   Code   RO          494    i.I2C_WaitOnSTOPFlagUntilTimeout  stm32l0xx_hal_i2c.o
    0x08002386   0x08002386   0x00000050   Code   RO          495    i.I2C_WaitOnTXISFlagUntilTimeout  stm32l0xx_hal_i2c.o
    0x080023d6   0x080023d6   0x00000002   PAD
    0x080023d8   0x080023d8   0x00000108   Code   RO           14    i.I2Communication   main.o
    0x080024e0   0x080024e0   0x00000020   Code   RO           15    i.LIS3DH_ecriture   main.o
    0x08002500   0x08002500   0x00000064   Code   RO           17    i.MX_GPIO_Init      main.o
    0x08002564   0x08002564   0x00000040   Code   RO           18    i.MX_I2C1_Init      main.o
    0x080025a4   0x080025a4   0x00000098   Code   RO           19    i.MX_TIM2_Init      main.o
    0x0800263c   0x0800263c   0x00000030   Code   RO           20    i.MX_USART2_UART_Init  main.o
    0x0800266c   0x0800266c   0x00000002   Code   RO          281    i.NMI_Handler       stm32l0xx_it.o
    0x0800266e   0x0800266e   0x00000002   PAD
    0x08002670   0x08002670   0x00000044   Code   RO         3032    i.NVIC_SetPriority  stm32l0xx_hal_cortex.o
    0x080026b4   0x080026b4   0x00000134   Code   RO           21    i.PWM               main.o
    0x080027e8   0x080027e8   0x00000002   Code   RO         4272    i.SVC_Handler       port.o
    0x080027ea   0x080027ea   0x00000008   Code   RO           22    i.StartDefaultTask  main.o
    0x080027f2   0x080027f2   0x00000002   PAD
    0x080027f4   0x080027f4   0x00000024   Code   RO         4273    i.SysTick_Handler   port.o
    0x08002818   0x08002818   0x00000078   Code   RO           23    i.SystemClock_Config  main.o
    0x08002890   0x08002890   0x00000054   Code   RO         3130    i.SystemInit        system_stm32l0xx.o
    0x080028e4   0x080028e4   0x00000010   Code   RO          282    i.TIM6_DAC_IRQHandler  stm32l0xx_it.o
    0x080028f4   0x080028f4   0x00000058   Code   RO         1011    i.TIM_Base_SetConfig  stm32l0xx_hal_tim.o
    0x0800294c   0x0800294c   0x0000001a   Code   RO         1012    i.TIM_CCxChannelCmd  stm32l0xx_hal_tim.o
    0x08002966   0x08002966   0x00000016   Code   RO         1022    i.TIM_ETR_SetConfig  stm32l0xx_hal_tim.o
    0x0800297c   0x0800297c   0x00000010   Code   RO         1023    i.TIM_ITRx_SetConfig  stm32l0xx_hal_tim.o
    0x0800298c   0x0800298c   0x00000030   Code   RO         1024    i.TIM_OC1_SetConfig  stm32l0xx_hal_tim.o
    0x080029bc   0x080029bc   0x00000032   Code   RO         1025    i.TIM_OC2_SetConfig  stm32l0xx_hal_tim.o
    0x080029ee   0x080029ee   0x00000036   Code   RO         1026    i.TIM_OC3_SetConfig  stm32l0xx_hal_tim.o
    0x08002a24   0x08002a24   0x00000036   Code   RO         1027    i.TIM_OC4_SetConfig  stm32l0xx_hal_tim.o
    0x08002a5a   0x08002a5a   0x00000022   Code   RO         1029    i.TIM_TI1_ConfigInputStage  stm32l0xx_hal_tim.o
    0x08002a7c   0x08002a7c   0x00000026   Code   RO         1031    i.TIM_TI2_ConfigInputStage  stm32l0xx_hal_tim.o
    0x08002aa2   0x08002aa2   0x000000ca   Code   RO         1657    i.UART_AdvFeatureConfig  stm32l0xx_hal_uart.o
    0x08002b6c   0x08002b6c   0x00000060   Code   RO         1658    i.UART_CheckIdleState  stm32l0xx_hal_uart.o
    0x08002bcc   0x08002bcc   0x00000228   Code   RO         1673    i.UART_SetConfig    stm32l0xx_hal_uart.o
    0x08002df4   0x08002df4   0x00000062   Code   RO         1676    i.UART_WaitOnFlagUntilTimeout  stm32l0xx_hal_uart.o
    0x08002e56   0x08002e56   0x00000002   PAD
    0x08002e58   0x08002e58   0x00000028   Code   RO         4508    i.__0sprintf$6      mc_p.l(printf6.o)
    0x08002e80   0x08002e80   0x0000002e   Code   RO         4646    i.__ARM_clz         mf_p.l(depilogue.o)
    0x08002eae   0x08002eae   0x0000001a   Code   RO         1585    i.__ARM_common_switch8  stm32l0xx_hal_tim.o
    0x08002ec8   0x08002ec8   0x0000000e   Code   RO         4660    i.__scatterload_copy  mc_p.l(handlers.o)
    0x08002ed6   0x08002ed6   0x00000002   Code   RO         4661    i.__scatterload_null  mc_p.l(handlers.o)
    0x08002ed8   0x08002ed8   0x0000000e   Code   RO         4662    i.__scatterload_zeroinit  mc_p.l(handlers.o)
    0x08002ee6   0x08002ee6   0x00000002   PAD
    0x08002ee8   0x08002ee8   0x00000304   Code   RO         4513    i._printf_core      mc_p.l(printf6.o)
    0x080031ec   0x080031ec   0x00000020   Code   RO         4514    i._printf_post_padding  mc_p.l(printf6.o)
    0x0800320c   0x0800320c   0x0000002c   Code   RO         4515    i._printf_pre_padding  mc_p.l(printf6.o)
    0x08003238   0x08003238   0x0000000a   Code   RO         4517    i._sputc            mc_p.l(printf6.o)
    0x08003242   0x08003242   0x00000014   Code   RO           24    i.initialisation_capteur  main.o
    0x08003256   0x08003256   0x00000002   PAD
    0x08003258   0x08003258   0x000000a8   Code   RO           25    i.main              main.o
    0x08003300   0x08003300   0x0000000c   Code   RO         3873    i.makeFreeRtosPriority  cmsis_os.o
    0x0800330c   0x0800330c   0x00000010   Code   RO         3875    i.osDelay           cmsis_os.o
    0x0800331c   0x0800331c   0x0000000a   Code   RO         3878    i.osKernelStart     cmsis_os.o
    0x08003326   0x08003326   0x0000002e   Code   RO         3912    i.osThreadCreate    cmsis_os.o
    0x08003354   0x08003354   0x00000058   Code   RO         3571    i.prvAddCurrentTaskToDelayedList  tasks.o
    0x080033ac   0x080033ac   0x000000b8   Code   RO         3572    i.prvAddNewTaskToReadyList  tasks.o
    0x08003464   0x08003464   0x00000070   Code   RO         3285    i.prvCopyDataToQueue  queue.o
    0x080034d4   0x080034d4   0x00000012   Code   RO         3573    i.prvDeleteTCB      tasks.o
    0x080034e6   0x080034e6   0x00000002   PAD
    0x080034e8   0x080034e8   0x00000044   Code   RO         4222    i.prvHeapInit       heap_4.o
    0x0800352c   0x0800352c   0x00000048   Code   RO         3574    i.prvIdleTask       tasks.o
    0x08003574   0x08003574   0x0000007c   Code   RO         3575    i.prvInitialiseNewTask  tasks.o
    0x080035f0   0x080035f0   0x0000004c   Code   RO         4223    i.prvInsertBlockIntoFreeList  heap_4.o
    0x0800363c   0x0800363c   0x0000001c   Code   RO         3286    i.prvIsQueueEmpty   queue.o
    0x08003658   0x08003658   0x00000020   Code   RO         3576    i.prvResetNextTaskUnblockTime  tasks.o
    0x08003678   0x08003678   0x00000014   Code   RO         4274    i.prvTaskExitError  port.o
    0x0800368c   0x0800368c   0x00000070   Code   RO         3287    i.prvUnlockQueue    queue.o
    0x080036fc   0x080036fc   0x000000b0   Code   RO         4224    i.pvPortMalloc      heap_4.o
    0x080037ac   0x080037ac   0x00000018   Code   RO         3578    i.pvTaskIncrementMutexHeldCount  tasks.o
    0x080037c4   0x080037c4   0x00000020   Code   RO         4275    i.pxPortInitialiseStack  port.o
    0x080037e4   0x080037e4   0x00000026   Code   RO         3247    i.uxListRemove      list.o
    0x0800380a   0x0800380a   0x00000016   Code   RO         3248    i.vListInitialise   list.o
    0x08003820   0x08003820   0x00000006   Code   RO         3249    i.vListInitialiseItem  list.o
    0x08003826   0x08003826   0x00000030   Code   RO         3250    i.vListInsert       list.o
    0x08003856   0x08003856   0x00000018   Code   RO         3251    i.vListInsertEnd    list.o
    0x0800386e   0x0800386e   0x00000002   PAD
    0x08003870   0x08003870   0x00000018   Code   RO         4277    i.vPortEnterCritical  port.o
    0x08003888   0x08003888   0x0000001c   Code   RO         4278    i.vPortExitCritical  port.o
    0x080038a4   0x080038a4   0x00000044   Code   RO         4225    i.vPortFree         heap_4.o
    0x080038e8   0x080038e8   0x00000018   Code   RO         4279    i.vPortYield        port.o
    0x08003900   0x08003900   0x00000030   Code   RO         3584    i.vTaskDelay        tasks.o
    0x08003930   0x08003930   0x0000005c   Code   RO         3585    i.vTaskDelayUntil   tasks.o
    0x0800398c   0x0800398c   0x00000010   Code   RO         3588    i.vTaskInternalSetTimeOutState  tasks.o
    0x0800399c   0x0800399c   0x0000000c   Code   RO         3589    i.vTaskMissedYield  tasks.o
    0x080039a8   0x080039a8   0x00000024   Code   RO         3591    i.vTaskPlaceOnEventList  tasks.o
    0x080039cc   0x080039cc   0x00000070   Code   RO         3593    i.vTaskPriorityDisinheritAfterTimeout  tasks.o
    0x08003a3c   0x08003a3c   0x0000004c   Code   RO         3598    i.vTaskStartScheduler  tasks.o
    0x08003a88   0x08003a88   0x00000010   Code   RO         3600    i.vTaskSuspendAll   tasks.o
    0x08003a98   0x08003a98   0x00000058   Code   RO         3601    i.vTaskSwitchContext  tasks.o
    0x08003af0   0x08003af0   0x00000024   Code   RO           26    i.verification_capteur  main.o
    0x08003b14   0x08003b14   0x00000050   Code   RO         4280    i.xPortStartScheduler  port.o
    0x08003b64   0x08003b64   0x0000003e   Code   RO         3295    i.xQueueGenericCreate  queue.o
    0x08003ba2   0x08003ba2   0x0000006c   Code   RO         3296    i.xQueueGenericReset  queue.o
    0x08003c0e   0x08003c0e   0x00000118   Code   RO         3297    i.xQueueGenericSend  queue.o
    0x08003d26   0x08003d26   0x00000140   Code   RO         3306    i.xQueueSemaphoreTake  queue.o
    0x08003e66   0x08003e66   0x00000002   PAD
    0x08003e68   0x08003e68   0x0000005c   Code   RO         3602    i.xTaskCheckForTimeOut  tasks.o
    0x08003ec4   0x08003ec4   0x0000004e   Code   RO         3603    i.xTaskCreate       tasks.o
    0x08003f12   0x08003f12   0x00000002   PAD
    0x08003f14   0x08003f14   0x00000020   Code   RO         3607    i.xTaskGetSchedulerState  tasks.o
    0x08003f34   0x08003f34   0x0000000c   Code   RO         3608    i.xTaskGetTickCount  tasks.o
    0x08003f40   0x08003f40   0x000000bc   Code   RO         3610    i.xTaskIncrementTick  tasks.o
    0x08003ffc   0x08003ffc   0x00000068   Code   RO         3613    i.xTaskPriorityDisinherit  tasks.o
    0x08004064   0x08004064   0x00000078   Code   RO         3614    i.xTaskPriorityInherit  tasks.o
    0x080040dc   0x080040dc   0x00000064   Code   RO         3615    i.xTaskRemoveFromEventList  tasks.o
    0x08004140   0x08004140   0x000000ac   Code   RO         3616    i.xTaskResumeAll    tasks.o
    0x080041ec   0x080041ec   0x0000003c   Data   RO           28    .constdata          main.o
    0x08004228   0x08004228   0x00000019   Data   RO         3131    .constdata          system_stm32l0xx.o
    0x08004241   0x08004241   0x00000008   Data   RO         3132    .constdata          system_stm32l0xx.o
    0x08004249   0x08004249   0x00000003   PAD
    0x0800424c   0x0800424c   0x00000020   Data   RO           29    .conststring        main.o
    0x0800426c   0x0800426c   0x00000020   Data   RO         4658    Region$$Table       anon$$obj.o


    Execution Region RW_IRAM1 (Exec base: 0x20000000, Load base: 0x0800428c, Size: 0x00001300, Max: 0x00002000, ABSOLUTE)

    Exec Addr    Load Addr    Size         Type   Attr      Idx    E Section Name        Object

    0x20000000   0x0800428c   0x00000048   Data   RW           30    .data               main.o
    0x20000048   0x080042d4   0x00000004   Data   RW         2060    .data               stm32l0xx_hal.o
    0x2000004c   0x080042d8   0x00000004   Data   RW         3133    .data               system_stm32l0xx.o
    0x20000050   0x080042dc   0x0000003c   Data   RW         3619    .data               tasks.o
    0x2000008c   0x08004318   0x00000018   Data   RW         4230    .data               heap_4.o
    0x200000a4   0x08004330   0x00000004   Data   RW         4281    .data               port.o
    0x200000a8        -       0x00000126   Zero   RW           27    .bss                main.o
    0x200001ce   0x08004334   0x00000002   PAD
    0x200001d0        -       0x0000003c   Zero   RW          386    .bss                stm32l0xx_hal_timebase_tim.o
    0x2000020c        -       0x000000f0   Zero   RW         3618    .bss                tasks.o
    0x200002fc        -       0x00000c00   Zero   RW         4229    .bss                heap_4.o
    0x20000efc   0x08004334   0x00000004   PAD
    0x20000f00        -       0x00000400   Zero   RW            1    STACK               startup_stm32l053xx.o


==============================================================================

Image component sizes


      Code (inc. data)   RO Data    RW Data    ZI Data      Debug   Object Name

        84          0          0          0          0       7389   cmsis_os.o
         0          0          0          0          0       1472   event_groups.o
       388         22          0         24       3072       4391   heap_4.o
       138          0          0          0          0       3574   list.o
      1340        146         92         72        294     398371   main.o
       366         58          0          4          0       7272   port.o
      1022          0          0          0          0       9309   queue.o
        28          8        192          0       1024        664   startup_stm32l053xx.o
        68         16          0          4          0       2704   stm32l0xx_hal.o
        96         14          0          0          0      10000   stm32l0xx_hal_cortex.o
        76          0          0          0          0       1123   stm32l0xx_hal_dma.o
       396         30          0          0          0       3069   stm32l0xx_hal_gpio.o
      2888         70          0          0          0      23140   stm32l0xx_hal_i2c.o
       146          0          0          0          0       1999   stm32l0xx_hal_i2c_ex.o
       376         44          0          0          0       3428   stm32l0xx_hal_msp.o
      1766        102          0          0          0       6437   stm32l0xx_hal_rcc.o
       408         12          0          0          0       1560   stm32l0xx_hal_rcc_ex.o
      1348         10          0          0          0      15791   stm32l0xx_hal_tim.o
        60          0          0          0          0       1260   stm32l0xx_hal_tim_ex.o
       112         20          0          0         60       1059   stm32l0xx_hal_timebase_tim.o
      1260         76          0          0          0       6709   stm32l0xx_hal_uart.o
        52         10          0          0          0       1886   stm32l0xx_it.o
        84         18         33          4          0       1307   system_stm32l0xx.o
      1936        158          0         60        240      23061   tasks.o

    ----------------------------------------------------------------------
     14468        814        352        168       4696     536975   Object Totals
         0          0         32          0          0          0   (incl. Generated)
        30          0          3          0          6          0   (incl. Padding)

    ----------------------------------------------------------------------

      Code (inc. data)   RO Data    RW Data    ZI Data      Debug   Library Member Name

         0          0          0          0          0          0   entry.o
         0          0          0          0          0          0   entry10a.o
         0          0          0          0          0          0   entry11a.o
         8          4          0          0          0          0   entry2.o
         4          0          0          0          0          0   entry5.o
         0          0          0          0          0          0   entry7b.o
         0          0          0          0          0          0   entry8b.o
         8          4          0          0          0          0   entry9a.o
        30          0          0          0          0          0   handlers.o
        36          8          0          0          0         68   init.o
         0          0          0          0          0          0   iusefp.o
        32          0          0          0          0         68   llshl.o
        38          0          0          0          0         68   llsshr.o
        34          0          0          0          0         68   llushr.o
        36          0          0          0          0         60   memcpya.o
        36          0          0          0          0        100   memseta.o
       898          8          0          0          0        384   printf6.o
        44          0          0          0          0         72   uidiv.o
        96          0          0          0          0         84   uldiv.o
       356          4          0          0          0        140   dadd.o
       236          0          0          0          0        216   depilogue.o
        72         10          0          0          0         72   dfixi.o
        40          6          0          0          0         68   dflti.o
       208          6          0          0          0         88   dmul.o

    ----------------------------------------------------------------------
      2216         50          0          0          0       1556   Library Totals
         4          0          0          0          0          0   (incl. Padding)

    ----------------------------------------------------------------------

      Code (inc. data)   RO Data    RW Data    ZI Data      Debug   Library Name

      1300         24          0          0          0        972   mc_p.l
       912         26          0          0          0        584   mf_p.l

    ----------------------------------------------------------------------
      2216         50          0          0          0       1556   Library Totals

    ----------------------------------------------------------------------

==============================================================================


      Code (inc. data)   RO Data    RW Data    ZI Data      Debug   

     16684        864        352        168       4696     531327   Grand Totals
     16684        864        352        168       4696     531327   ELF Image Totals
     16684        864        352        168          0          0   ROM Totals

==============================================================================

    Total RO  Size (Code + RO Data)                17036 (  16.64kB)
    Total RW  Size (RW Data + ZI Data)              4864 (   4.75kB)
    Total ROM Size (Code + RO Data + RW Data)      17204 (  16.80kB)

==============================================================================

